<html>
<body>
<pre>
<h1>µVision Build Log</h1>
<h2>Project:</h2>
C:\Users\kevin\Desktop\Test Proj 3\empty_skeleton.uvproj
Project File Date:  07/30/2026

<h2>Output:</h2>
Build target 'Target 1'
compiling main.c...
sources\main.c(251): warning:  #111-D: statement is unreachable
compiling SystemInit.c...
compiling rtc.c...
Sources\rtc.c(125): warning:  #1-D: last line of file ends without a newline
Sources\rtc.c(97): warning:  #550-D: variable "y" was set but never used
compiling touch.c...
Sources\touch.c(128): warning:  #1-D: last line of file ends without a newline
compiling draw.c...
Sources\draw.c(41): warning:  #223-D: function "touch_rect" declared implicitly
Sources\draw.c(42): error:  #65: expected a ";"
Sources\draw.c(42): warning:  #940-D: missing return statement at end of non-void function "detect_plus_minus"
Sources\draw.c(108): warning:  #1-D: last line of file ends without a newline
compiling songs.c...
compiling lights.c...
compiling font5x7.c...
compiling lcd_grph.c...
compiling lcd_hw.c...
compiling lcd_ili9341.c...
Target not created
Build target 'Target 1'
compiling draw.c...
Sources\draw.c(41): warning:  #223-D: function "touch_rect" declared implicitly
Sources\draw.c(42): error:  #65: expected a ";"
Sources\draw.c(43): warning:  #940-D: missing return statement at end of non-void function "detect_plus_minus"
Sources\draw.c(109): warning:  #1-D: last line of file ends without a newline
Target not created
Build target 'Target 1'
compiling draw.c...
Sources\draw.c(109): warning:  #1-D: last line of file ends without a newline
linking...
Program Size: Code=8546 RO-data=1130 RW-data=4 ZI-data=1636  
"empty_skeleton.axf" - 0 Error(s), 1 Warning(s).
Load "C:\\Users\\kevin\\Desktop\\Test Proj 3\\empty_skeleton.AXF" 
Erase Done.
Programming Done.
Verify OK.
Build target 'Target 1'
compiling draw.c...
Sources\draw.c(108): warning:  #1-D: last line of file ends without a newline
linking...
Program Size: Code=8530 RO-data=1130 RW-data=4 ZI-data=1636  
"empty_skeleton.axf" - 0 Error(s), 1 Warning(s).
Load "C:\\Users\\kevin\\Desktop\\Test Proj 3\\empty_skeleton.AXF" 
Erase Done.
Programming Done.
Verify OK.
Build target 'Target 1'
compiling draw.c...
Sources\draw.c(108): warning:  #1-D: last line of file ends without a newline
linking...
Program Size: Code=8530 RO-data=1130 RW-data=4 ZI-data=1636  
"empty_skeleton.axf" - 0 Error(s), 1 Warning(s).
Load "C:\\Users\\kevin\\Desktop\\Test Proj 3\\empty_skeleton.AXF" 
Erase Done.
Programming Done.
Verify OK.
Build target 'Target 1'
compiling draw.c...
Sources\draw.c(109): warning:  #1-D: last line of file ends without a newline
linking...
Program Size: Code=8542 RO-data=1130 RW-data=4 ZI-data=1636  
"empty_skeleton.axf" - 0 Error(s), 1 Warning(s).
Load "C:\\Users\\kevin\\Desktop\\Test Proj 3\\empty_skeleton.AXF" 
Erase Done.
Programming Done.
Verify OK.
Build target 'Target 1'
compiling draw.c...
Sources\draw.c(109): warning:  #1-D: last line of file ends without a newline
linking...
Program Size: Code=8542 RO-data=1130 RW-data=4 ZI-data=1636  
"empty_skeleton.axf" - 0 Error(s), 1 Warning(s).
Load "C:\\Users\\kevin\\Desktop\\Test Proj 3\\empty_skeleton.AXF" 
Erase Done.
Programming Done.
Verify OK.
Load "C:\\Users\\kevin\\Desktop\\Test Proj 3\\empty_skeleton.AXF" 
Erase Done.
Programming Done.
Verify OK.
Build target 'Target 1'
compiling draw.c...
Sources\draw.c(109): warning:  #1-D: last line of file ends without a newline
linking...
Program Size: Code=8542 RO-data=1130 RW-data=4 ZI-data=1636  
"empty_skeleton.axf" - 0 Error(s), 1 Warning(s).
Load "C:\\Users\\kevin\\Desktop\\Test Proj 3\\empty_skeleton.AXF" 
Erase Done.
Programming Done.
Verify OK.
Build target 'Target 1'
compiling draw.c...
Sources\draw.c(110): warning:  #1-D: last line of file ends without a newline
linking...
Program Size: Code=8554 RO-data=1130 RW-data=4 ZI-data=1636  
"empty_skeleton.axf" - 0 Error(s), 1 Warning(s).
Load "C:\\Users\\kevin\\Desktop\\Test Proj 3\\empty_skeleton.AXF" 
Erase Done.
Programming Done.
Verify OK.
Build target 'Target 1'
compiling draw.c...
Sources\draw.c(110): warning:  #1-D: last line of file ends without a newline
linking...
Program Size: Code=8558 RO-data=1130 RW-data=4 ZI-data=1636  
"empty_skeleton.axf" - 0 Error(s), 1 Warning(s).
Load "C:\\Users\\kevin\\Desktop\\Test Proj 3\\empty_skeleton.AXF" 
Erase Done.
Programming Done.
Verify OK.
Build target 'Target 1'
compiling draw.c...
Sources\draw.c(110): warning:  #1-D: last line of file ends without a newline
linking...
Program Size: Code=8558 RO-data=1130 RW-data=4 ZI-data=1636  
"empty_skeleton.axf" - 0 Error(s), 1 Warning(s).
Load "C:\\Users\\kevin\\Desktop\\Test Proj 3\\empty_skeleton.AXF" 
Erase Done.
Programming Done.
Verify OK.
Build target 'Target 1'
compiling draw.c...
Sources\draw.c(110): warning:  #1-D: last line of file ends without a newline
linking...
Program Size: Code=8554 RO-data=1130 RW-data=4 ZI-data=1636  
"empty_skeleton.axf" - 0 Error(s), 1 Warning(s).
Load "C:\\Users\\kevin\\Desktop\\Test Proj 3\\empty_skeleton.AXF" 
Erase Done.
Programming Done.
Verify OK.
Build target 'Target 1'
compiling draw.c...
Sources\draw.c(110): warning:  #1-D: last line of file ends without a newline
linking...
Program Size: Code=8554 RO-data=1130 RW-data=4 ZI-data=1636  
"empty_skeleton.axf" - 0 Error(s), 1 Warning(s).
Load "C:\\Users\\kevin\\Desktop\\Test Proj 3\\empty_skeleton.AXF" 
Erase Done.
Programming Done.
Verify OK.
Build target 'Target 1'
compiling draw.c...
Sources\draw.c(110): warning:  #1-D: last line of file ends without a newline
linking...
Program Size: Code=8558 RO-data=1130 RW-data=4 ZI-data=1636  
"empty_skeleton.axf" - 0 Error(s), 1 Warning(s).
Load "C:\\Users\\kevin\\Desktop\\Test Proj 3\\empty_skeleton.AXF" 
Erase Done.
Programming Done.
Verify OK.
Build target 'Target 1'
compiling draw.c...
Sources\draw.c(110): warning:  #1-D: last line of file ends without a newline
linking...
Program Size: Code=8558 RO-data=1130 RW-data=4 ZI-data=1636  
"empty_skeleton.axf" - 0 Error(s), 1 Warning(s).
Load "C:\\Users\\kevin\\Desktop\\Test Proj 3\\empty_skeleton.AXF" 
Erase Done.
Programming Done.
Verify OK.
Build target 'Target 1'
compiling draw.c...
Sources\draw.c(110): warning:  #1-D: last line of file ends without a newline
linking...
Program Size: Code=8558 RO-data=1130 RW-data=4 ZI-data=1636  
"empty_skeleton.axf" - 0 Error(s), 1 Warning(s).
Load "C:\\Users\\kevin\\Desktop\\Test Proj 3\\empty_skeleton.AXF" 
Erase Done.
Programming Done.
Verify OK.
Build target 'Target 1'
compiling draw.c...
Sources\draw.c(112): warning:  #1-D: last line of file ends without a newline
linking...
Program Size: Code=8590 RO-data=1130 RW-data=4 ZI-data=1636  
"empty_skeleton.axf" - 0 Error(s), 1 Warning(s).
Load "C:\\Users\\kevin\\Desktop\\Test Proj 3\\empty_skeleton.AXF" 
Erase Done.
Programming Done.
Verify OK.
Build target 'Target 1'
compiling draw.c...
Sources\draw.c(114): warning:  #1-D: last line of file ends without a newline
linking...
Program Size: Code=8622 RO-data=1130 RW-data=4 ZI-data=1636  
"empty_skeleton.axf" - 0 Error(s), 1 Warning(s).
Load "C:\\Users\\kevin\\Desktop\\Test Proj 3\\empty_skeleton.AXF" 
Erase Done.
Programming Done.
Verify OK.
Build target 'Target 1'
compiling main.c...
sources\main.c(251): warning:  #111-D: statement is unreachable
compiling SystemInit.c...
compiling rtc.c...
Sources\rtc.c(125): warning:  #1-D: last line of file ends without a newline
Sources\rtc.c(97): warning:  #550-D: variable "y" was set but never used
compiling touch.c...
Sources\touch.c(132): error:  #165: too few arguments in function call
Sources\touch.c(134): error:  #165: too few arguments in function call
Sources\touch.c(139): warning:  #1-D: last line of file ends without a newline
compiling draw.c...
Sources\draw.c(57): error:  #65: expected a ";"
Sources\draw.c(108): warning:  #1-D: last line of file ends without a newline
compiling lights.c...
compiling lcd_grph.c...
Target not created
Build target 'Target 1'
compiling touch.c...
compiling draw.c...
Sources\draw.c(57): error:  #65: expected a ";"
Sources\draw.c(108): warning:  #1-D: last line of file ends without a newline
Target not created
Build target 'Target 1'
compiling draw.c...
Sources\draw.c(108): warning:  #1-D: last line of file ends without a newline
linking...
Program Size: Code=8866 RO-data=1130 RW-data=4 ZI-data=1636  
"empty_skeleton.axf" - 0 Error(s), 1 Warning(s).
Load "C:\\Users\\kevin\\Desktop\\Test Proj 3\\empty_skeleton.AXF" 
Erase Done.
Programming Done.
Verify OK.
Build target 'Target 1'
compiling draw.c...
Sources\draw.c(108): warning:  #1-D: last line of file ends without a newline
linking...
Program Size: Code=8866 RO-data=1130 RW-data=4 ZI-data=1636  
"empty_skeleton.axf" - 0 Error(s), 1 Warning(s).
Load "C:\\Users\\kevin\\Desktop\\Test Proj 3\\empty_skeleton.AXF" 
Erase Done.
Programming Done.
Verify OK.
Build target 'Target 1'
compiling draw.c...
Sources\draw.c(111): warning:  #1-D: last line of file ends without a newline
linking...
Program Size: Code=8886 RO-data=1130 RW-data=4 ZI-data=1636  
"empty_skeleton.axf" - 0 Error(s), 1 Warning(s).
Load "C:\\Users\\kevin\\Desktop\\Test Proj 3\\empty_skeleton.AXF" 
Erase Done.
Programming Done.
Verify OK.
Build target 'Target 1'
compiling main.c...
sources\main.c(146): error:  #20: identifier "alarm_minute" is undefined
sources\main.c(158): warning:  #167-D: argument of type "char *" is incompatible with parameter of type "unsigned char *"
sources\main.c(308): warning:  #111-D: statement is unreachable
compiling touch.c...
compiling draw.c...
Sources\draw.c(109): warning:  #1-D: last line of file ends without a newline
Target not created
Build target 'Target 1'
compiling main.c...
sources\main.c(158): warning:  #167-D: argument of type "char *" is incompatible with parameter of type "unsigned char *"
sources\main.c(308): warning:  #111-D: statement is unreachable
compiling draw.c...
linking...
Program Size: Code=9290 RO-data=1130 RW-data=4 ZI-data=1636  
"empty_skeleton.axf" - 0 Error(s), 2 Warning(s).
Load "C:\\Users\\kevin\\Desktop\\Test Proj 3\\empty_skeleton.AXF" 
Erase Done.
Programming Done.
Verify OK.
Build target 'Target 1'
compiling main.c...
sources\main.c(158): warning:  #167-D: argument of type "char *" is incompatible with parameter of type "unsigned char *"
sources\main.c(308): warning:  #111-D: statement is unreachable
linking...
Program Size: Code=9290 RO-data=1130 RW-data=4 ZI-data=1636  
"empty_skeleton.axf" - 0 Error(s), 2 Warning(s).
Load "C:\\Users\\kevin\\Desktop\\Test Proj 3\\empty_skeleton.AXF" 
Erase Done.
Programming Done.
Verify OK.
Build target 'Target 1'
compiling main.c...
sources\main.c(158): warning:  #167-D: argument of type "char *" is incompatible with parameter of type "unsigned char *"
sources\main.c(308): warning:  #111-D: statement is unreachable
linking...
Program Size: Code=9298 RO-data=1130 RW-data=4 ZI-data=1636  
"empty_skeleton.axf" - 0 Error(s), 2 Warning(s).
Load "C:\\Users\\kevin\\Desktop\\Test Proj 3\\empty_skeleton.AXF" 
Erase Done.
Programming Done.
Verify OK.
Build target 'Target 1'
compiling main.c...
sources\main.c(158): warning:  #167-D: argument of type "char *" is incompatible with parameter of type "unsigned char *"
sources\main.c(308): warning:  #111-D: statement is unreachable
linking...
Program Size: Code=9298 RO-data=1130 RW-data=4 ZI-data=1636  
"empty_skeleton.axf" - 0 Error(s), 2 Warning(s).
Load "C:\\Users\\kevin\\Desktop\\Test Proj 3\\empty_skeleton.AXF" 
Erase Done.
Programming Done.
Verify OK.
Build target 'Target 1'
compiling main.c...
sources\main.c(158): warning:  #167-D: argument of type "char *" is incompatible with parameter of type "unsigned char *"
sources\main.c(308): warning:  #111-D: statement is unreachable
linking...
Program Size: Code=9298 RO-data=1130 RW-data=4 ZI-data=1636  
"empty_skeleton.axf" - 0 Error(s), 2 Warning(s).
Load "C:\\Users\\kevin\\Desktop\\Test Proj 3\\empty_skeleton.AXF" 
Erase Done.
Programming Done.
Verify OK.
Build target 'Target 1'
compiling main.c...
sources\main.c(160): warning:  #167-D: argument of type "char *" is incompatible with parameter of type "unsigned char *"
sources\main.c(310): warning:  #111-D: statement is unreachable
linking...
Program Size: Code=9318 RO-data=1130 RW-data=4 ZI-data=1636  
"empty_skeleton.axf" - 0 Error(s), 2 Warning(s).
Load "C:\\Users\\kevin\\Desktop\\Test Proj 3\\empty_skeleton.AXF" 
Erase Done.
Programming Done.
Verify OK.
Build target 'Target 1'
compiling main.c...
sources\main.c(160): warning:  #167-D: argument of type "char *" is incompatible with parameter of type "unsigned char *"
sources\main.c(310): warning:  #111-D: statement is unreachable
compiling rtc.c...
Sources\rtc.c(126): warning:  #1-D: last line of file ends without a newline
Sources\rtc.c(92): warning:  #550-D: variable "seconds" was set but never used
Sources\rtc.c(97): warning:  #550-D: variable "y" was set but never used
linking...
Program Size: Code=9310 RO-data=1130 RW-data=4 ZI-data=1636  
"empty_skeleton.axf" - 0 Error(s), 5 Warning(s).
Load "C:\\Users\\kevin\\Desktop\\Test Proj 3\\empty_skeleton.AXF" 
Erase Done.
Programming Done.
Verify OK.
Build target 'Target 1'
compiling main.c...
sources\main.c(160): warning:  #167-D: argument of type "char *" is incompatible with parameter of type "unsigned char *"
sources\main.c(310): warning:  #111-D: statement is unreachable
linking...
Program Size: Code=9310 RO-data=1130 RW-data=4 ZI-data=1636  
"empty_skeleton.axf" - 0 Error(s), 2 Warning(s).
Load "C:\\Users\\kevin\\Desktop\\Test Proj 3\\empty_skeleton.AXF" 
Erase Done.
Programming Done.
Verify OK.
Build target 'Target 1'
compiling main.c...
sources\main.c(160): warning:  #167-D: argument of type "char *" is incompatible with parameter of type "unsigned char *"
sources\main.c(311): warning:  #111-D: statement is unreachable
sources\main.c(173): warning:  #177-D: variable "alarm_enable" was declared but never referenced
compiling draw.c...
linking...
Program Size: Code=9370 RO-data=1130 RW-data=4 ZI-data=1636  
"empty_skeleton.axf" - 0 Error(s), 3 Warning(s).
Load "C:\\Users\\kevin\\Desktop\\Test Proj 3\\empty_skeleton.AXF" 
Erase Done.
Programming Done.
Verify OK.
Build target 'Target 1'
compiling main.c...
sources\main.c(160): warning:  #167-D: argument of type "char *" is incompatible with parameter of type "unsigned char *"
sources\main.c(315): warning:  #111-D: statement is unreachable
sources\main.c(173): warning:  #550-D: variable "alarm_enable" was set but never used
compiling draw.c...
linking...
Program Size: Code=9394 RO-data=1130 RW-data=4 ZI-data=1636  
"empty_skeleton.axf" - 0 Error(s), 3 Warning(s).
Load "C:\\Users\\kevin\\Desktop\\Test Proj 3\\empty_skeleton.AXF" 
Erase Done.
Programming Done.
Verify OK.
Build target 'Target 1'
compiling main.c...
sources\main.c(160): warning:  #167-D: argument of type "char *" is incompatible with parameter of type "unsigned char *"
sources\main.c(318): warning:  #111-D: statement is unreachable
linking...
Program Size: Code=9394 RO-data=1130 RW-data=4 ZI-data=1636  
"empty_skeleton.axf" - 0 Error(s), 2 Warning(s).
Load "C:\\Users\\kevin\\Desktop\\Test Proj 3\\empty_skeleton.AXF" 
Erase Done.
Programming Done.
Verify OK.
Build target 'Target 1'
compiling main.c...
sources\main.c(160): warning:  #167-D: argument of type "char *" is incompatible with parameter of type "unsigned char *"
sources\main.c(320): warning:  #111-D: statement is unreachable
linking...
Program Size: Code=9394 RO-data=1130 RW-data=4 ZI-data=1636  
"empty_skeleton.axf" - 0 Error(s), 2 Warning(s).
Load "C:\\Users\\kevin\\Desktop\\Test Proj 3\\empty_skeleton.AXF" 
Erase Done.
Programming Done.
Verify OK.
Build target 'Target 1'
compiling main.c...
sources\main.c(22): error:  #20: identifier "time_str" is undefined
sources\main.c(22): error:  #20: identifier "date_str" is undefined
sources\main.c(37): error:  #20: identifier "time_str" is undefined
sources\main.c(38): error:  #20: identifier "date_str" is undefined
sources\main.c(169): warning:  #167-D: argument of type "char *" is incompatible with parameter of type "unsigned char *"
sources\main.c(336): warning:  #111-D: statement is unreachable
Target not created
Build target 'Target 1'
compiling main.c...
sources\main.c(37): error:  #20: identifier "time_str" is undefined
sources\main.c(38): error:  #20: identifier "date_str" is undefined
sources\main.c(169): warning:  #167-D: argument of type "char *" is incompatible with parameter of type "unsigned char *"
sources\main.c(336): warning:  #111-D: statement is unreachable
Target not created
Build target 'Target 1'
compiling main.c...
sources\main.c(169): warning:  #167-D: argument of type "char *" is incompatible with parameter of type "unsigned char *"
sources\main.c(336): warning:  #111-D: statement is unreachable
linking...
Program Size: Code=9410 RO-data=1130 RW-data=4 ZI-data=1636  
"empty_skeleton.axf" - 0 Error(s), 2 Warning(s).
Load "C:\\Users\\kevin\\Desktop\\Test Proj 3\\empty_skeleton.AXF" 
Erase Done.
Programming Done.
Verify OK.
Build target 'Target 1'
compiling main.c...
sources\main.c(155): warning:  #167-D: argument of type "char *" is incompatible with parameter of type "unsigned char *"
sources\main.c(342): warning:  #111-D: statement is unreachable
compiling draw.c...
linking...
Program Size: Code=9642 RO-data=1130 RW-data=4 ZI-data=1636  
"empty_skeleton.axf" - 0 Error(s), 2 Warning(s).
Load "C:\\Users\\kevin\\Desktop\\Test Proj 3\\empty_skeleton.AXF" 
Erase Done.
Programming Done.
Verify OK.
Build target 'Target 1'
compiling main.c...
sources\main.c(155): warning:  #167-D: argument of type "char *" is incompatible with parameter of type "unsigned char *"
sources\main.c(343): warning:  #111-D: statement is unreachable
compiling draw.c...
linking...
Program Size: Code=9638 RO-data=1130 RW-data=4 ZI-data=1636  
"empty_skeleton.axf" - 0 Error(s), 2 Warning(s).
Load "C:\\Users\\kevin\\Desktop\\Test Proj 3\\empty_skeleton.AXF" 
Erase Done.
Programming Done.
Verify OK.
Build target 'Target 1'
compiling main.c...
sources\main.c(155): warning:  #167-D: argument of type "char *" is incompatible with parameter of type "unsigned char *"
sources\main.c(346): warning:  #111-D: statement is unreachable
linking...
Program Size: Code=9658 RO-data=1130 RW-data=4 ZI-data=1636  
"empty_skeleton.axf" - 0 Error(s), 2 Warning(s).
Load "C:\\Users\\kevin\\Desktop\\Test Proj 3\\empty_skeleton.AXF" 
Erase Done.
Programming Done.
Verify OK.
Build target 'Target 1'
compiling main.c...
sources\main.c(155): warning:  #167-D: argument of type "char *" is incompatible with parameter of type "unsigned char *"
sources\main.c(346): warning:  #111-D: statement is unreachable
linking...
Program Size: Code=9658 RO-data=1130 RW-data=4 ZI-data=1636  
"empty_skeleton.axf" - 0 Error(s), 2 Warning(s).
Load "C:\\Users\\kevin\\Desktop\\Test Proj 3\\empty_skeleton.AXF" 
Erase Done.
Programming Done.
Verify OK.
Build target 'Target 1'
compiling main.c...
sources\main.c(155): warning:  #167-D: argument of type "char *" is incompatible with parameter of type "unsigned char *"
sources\main.c(344): warning:  #111-D: statement is unreachable
linking...
Program Size: Code=9650 RO-data=1130 RW-data=4 ZI-data=1636  
"empty_skeleton.axf" - 0 Error(s), 2 Warning(s).
Load "C:\\Users\\kevin\\Desktop\\Test Proj 3\\empty_skeleton.AXF" 
Erase Done.
Programming Done.
Verify OK.
Build target 'Target 1'
compiling main.c...
sources\main.c(155): warning:  #167-D: argument of type "char *" is incompatible with parameter of type "unsigned char *"
sources\main.c(344): warning:  #111-D: statement is unreachable
linking...
Program Size: Code=9650 RO-data=1130 RW-data=4 ZI-data=1636  
"empty_skeleton.axf" - 0 Error(s), 2 Warning(s).
Load "C:\\Users\\kevin\\Desktop\\Test Proj 3\\empty_skeleton.AXF" 
Erase Done.
Programming Done.
Verify OK.
Build target 'Target 1'
compiling main.c...
sources\main.c(155): warning:  #167-D: argument of type "char *" is incompatible with parameter of type "unsigned char *"
sources\main.c(350): warning:  #111-D: statement is unreachable
sources\main.c(179): warning:  #177-D: variable "alcohol_enable" was declared but never referenced
compiling draw.c...
linking...
Program Size: Code=9678 RO-data=1130 RW-data=4 ZI-data=1636  
"empty_skeleton.axf" - 0 Error(s), 3 Warning(s).
Load "C:\\Users\\kevin\\Desktop\\Test Proj 3\\empty_skeleton.AXF" 
Erase Done.
Programming Done.
Verify OK.
Build target 'Target 1'
compiling main.c...
sources\main.c(155): warning:  #167-D: argument of type "char *" is incompatible with parameter of type "unsigned char *"
sources\main.c(354): warning:  #111-D: statement is unreachable
sources\main.c(179): warning:  #177-D: variable "alcohol_enable" was declared but never referenced
linking...
Program Size: Code=11226 RO-data=1402 RW-data=4 ZI-data=1636  
"empty_skeleton.axf" - 0 Error(s), 3 Warning(s).
Load "C:\\Users\\kevin\\Desktop\\Test Proj 3\\empty_skeleton.AXF" 
Erase Done.
Programming Done.
Verify OK.
Build target 'Target 1'
compiling main.c...
sources\main.c(155): warning:  #167-D: argument of type "char *" is incompatible with parameter of type "unsigned char *"
sources\main.c(370): warning:  #111-D: statement is unreachable
linking...
Program Size: Code=11322 RO-data=1402 RW-data=4 ZI-data=1636  
"empty_skeleton.axf" - 0 Error(s), 2 Warning(s).
Load "C:\\Users\\kevin\\Desktop\\Test Proj 3\\empty_skeleton.AXF" 
Erase Done.
Programming Done.
Verify OK.
Build target 'Target 1'
compiling main.c...
sources\main.c(155): warning:  #167-D: argument of type "char *" is incompatible with parameter of type "unsigned char *"
sources\main.c(371): warning:  #111-D: statement is unreachable
linking...
Program Size: Code=11322 RO-data=1402 RW-data=4 ZI-data=1636  
"empty_skeleton.axf" - 0 Error(s), 2 Warning(s).
Load "C:\\Users\\kevin\\Desktop\\Test Proj 3\\empty_skeleton.AXF" 
Erase Done.
Programming Done.
Verify OK.
Build target 'Target 1'
compiling main.c...
sources\main.c(152): error:  #20: identifier "alarm_hour" is undefined
sources\main.c(157): error:  #20: identifier "alarm_hour" is undefined
sources\main.c(169): warning:  #167-D: argument of type "char *" is incompatible with parameter of type "unsigned char *"
sources\main.c(385): warning:  #111-D: statement is unreachable
Target not created
Build target 'Target 1'
compiling main.c...
sources\main.c(169): warning:  #167-D: argument of type "char *" is incompatible with parameter of type "unsigned char *"
sources\main.c(385): warning:  #111-D: statement is unreachable
linking...
Program Size: Code=11362 RO-data=1402 RW-data=4 ZI-data=1636  
"empty_skeleton.axf" - 0 Error(s), 2 Warning(s).
Load "C:\\Users\\kevin\\Desktop\\Test Proj 3\\empty_skeleton.AXF" 
Erase Done.
Programming Done.
Verify OK.
Build target 'Target 1'
compiling main.c...
sources\main.c(167): error:  #31: expression must have integral type
sources\main.c(169): error:  #31: expression must have integral type
sources\main.c(172): error:  #20: identifier "current_hour" is undefined
sources\main.c(178): error:  #20: identifier "alarm_enabled" is undefined
sources\main.c(180): error:  #513: a value of type "int" cannot be assigned to an entity of type "int *"
sources\main.c(191): warning:  #167-D: argument of type "char *" is incompatible with parameter of type "unsigned char *"
sources\main.c(296): error:  #20: identifier "current_hour" is undefined
sources\main.c(302): error:  #20: identifier "alarm_enabled" is undefined
sources\main.c(427): warning:  #111-D: statement is unreachable
Target not created
Build target 'Target 1'
compiling main.c...
sources\main.c(172): warning:  #9-D: nested comment is not allowed
sources\main.c(173): error:  #20: identifier "hours_remaining" is undefined
sources\main.c(173): error:  #20: identifier "new_alarm_hour" is undefined
sources\main.c(173): error:  #20: identifier "current_hour" is undefined
sources\main.c(179): error:  #20: identifier "alarm_enabled" is undefined
sources\main.c(150): warning:  #550-D: parameter "alarm_hour" was set but never used
sources\main.c(183): error:  #40: expected an identifier
sources\main.c(187): warning:  #12-D: parsing restarts here after previous syntax error
sources\main.c(192): warning:  #167-D: argument of type "char *" is incompatible with parameter of type "unsigned char *"
sources\main.c(297): error:  #20: identifier "current_hour" is undefined
sources\main.c(303): error:  #20: identifier "alarm_enabled" is undefined
sources\main.c(393): warning:  #223-D: function "draw_alarm_time" declared implicitly
sources\main.c(428): warning:  #111-D: statement is unreachable
Target not created
Build target 'Target 1'
compiling main.c...
sources\main.c(192): warning:  #167-D: argument of type "char *" is incompatible with parameter of type "unsigned char *"
sources\main.c(432): warning:  #111-D: statement is unreachable
linking...
Program Size: Code=11394 RO-data=1402 RW-data=4 ZI-data=1636  
"empty_skeleton.axf" - 0 Error(s), 2 Warning(s).
Load "C:\\Users\\kevin\\Desktop\\Test Proj 3\\empty_skeleton.AXF" 
Erase Done.
Programming Done.
Verify OK.
Build target 'Target 1'
compiling main.c...
sources\main.c(192): warning:  #167-D: argument of type "char *" is incompatible with parameter of type "unsigned char *"
sources\main.c(432): warning:  #111-D: statement is unreachable
linking...
Program Size: Code=11394 RO-data=1402 RW-data=4 ZI-data=1636  
"empty_skeleton.axf" - 0 Error(s), 2 Warning(s).
Load "C:\\Users\\kevin\\Desktop\\Test Proj 3\\empty_skeleton.AXF" 
Erase Done.
Programming Done.
Verify OK.
Build target 'Target 1'
compiling main.c...
sources\main.c(155): warning:  #167-D: argument of type "char *" is incompatible with parameter of type "unsigned char *"
sources\main.c(394): warning:  #111-D: statement is unreachable
linking...
Program Size: Code=11382 RO-data=1402 RW-data=4 ZI-data=1636  
"empty_skeleton.axf" - 0 Error(s), 2 Warning(s).
Load "C:\\Users\\kevin\\Desktop\\Test Proj 3\\empty_skeleton.AXF" 
Erase Done.
Programming Done.
Verify Failed!
Build target 'Target 1'
linking...
Program Size: Code=11382 RO-data=1402 RW-data=4 ZI-data=1636  
"empty_skeleton.axf" - 0 Error(s), 0 Warning(s).
Load "C:\\Users\\kevin\\Desktop\\Test Proj 3\\empty_skeleton.AXF" 
Erase Done.
Programming Done.
Verify OK.
Build target 'Target 1'
compiling main.c...
sources\main.c(155): warning:  #167-D: argument of type "char *" is incompatible with parameter of type "unsigned char *"
sources\main.c(393): warning:  #111-D: statement is unreachable
linking...
Program Size: Code=11394 RO-data=1402 RW-data=4 ZI-data=1636  
"empty_skeleton.axf" - 0 Error(s), 2 Warning(s).
Load "C:\\Users\\kevin\\Desktop\\Test Proj 3\\empty_skeleton.AXF" 
Erase Done.
Programming Done.
Verify OK.
Build target 'Target 1'
compiling main.c...
sources\main.c(155): warning:  #167-D: argument of type "char *" is incompatible with parameter of type "unsigned char *"
sources\main.c(409): warning:  #111-D: statement is unreachable
compiling lights.c...
Sources\lights.c(163): warning:  #1-D: last line of file ends without a newline
linking...
Program Size: Code=11602 RO-data=1402 RW-data=4 ZI-data=1636  
"empty_skeleton.axf" - 0 Error(s), 3 Warning(s).
Load "C:\\Users\\kevin\\Desktop\\Test Proj 3\\empty_skeleton.AXF" 
Erase Done.
Programming Done.
Verify OK.
Build target 'Target 1'
compiling main.c...
sources\main.c(155): warning:  #167-D: argument of type "char *" is incompatible with parameter of type "unsigned char *"
sources\main.c(409): warning:  #111-D: statement is unreachable
compiling lights.c...
Sources\lights.c(169): warning:  #1-D: last line of file ends without a newline
linking...
Program Size: Code=11506 RO-data=1402 RW-data=4 ZI-data=1636  
"empty_skeleton.axf" - 0 Error(s), 3 Warning(s).
Load "C:\\Users\\kevin\\Desktop\\Test Proj 3\\empty_skeleton.AXF" 
Erase Done.
Programming Done.
Verify OK.
Build target 'Target 1'
compiling main.c...
sources\main.c(155): warning:  #167-D: argument of type "char *" is incompatible with parameter of type "unsigned char *"
sources\main.c(410): warning:  #111-D: statement is unreachable
compiling lights.c...
Sources\lights.c(183): error:  #65: expected a ";"
Sources\lights.c(182): warning:  #177-D: variable "step1" was declared but never referenced
Sources\lights.c(219): warning:  #1-D: last line of file ends without a newline
Target not created
Build target 'Target 1'
compiling lights.c...
Sources\lights.c(219): warning:  #1-D: last line of file ends without a newline
linking...
Program Size: Code=11598 RO-data=1402 RW-data=4 ZI-data=1636  
"empty_skeleton.axf" - 0 Error(s), 1 Warning(s).
Load "C:\\Users\\kevin\\Desktop\\Test Proj 3\\empty_skeleton.AXF" 
Erase Done.
Programming Done.
Verify OK.
Build target 'Target 1'
compiling lights.c...
Sources\lights.c(219): warning:  #1-D: last line of file ends without a newline
linking...
Program Size: Code=11598 RO-data=1402 RW-data=4 ZI-data=1636  
"empty_skeleton.axf" - 0 Error(s), 1 Warning(s).
Load "C:\\Users\\kevin\\Desktop\\Test Proj 3\\empty_skeleton.AXF" 
Erase Done.
Programming Done.
Verify OK.
Build target 'Target 1'
compiling main.c...
sources\main.c(155): warning:  #167-D: argument of type "char *" is incompatible with parameter of type "unsigned char *"
sources\main.c(412): warning:  #111-D: statement is unreachable
sources\main.c(194): warning:  #177-D: variable "time" was declared but never referenced
sources\main.c(195): warning:  #177-D: variable "rgb_prev_time" was declared but never referenced
sources\main.c(196): warning:  #177-D: variable "step" was declared but never referenced
linking...
Program Size: Code=11562 RO-data=1402 RW-data=4 ZI-data=1636  
"empty_skeleton.axf" - 0 Error(s), 5 Warning(s).
Load "C:\\Users\\kevin\\Desktop\\Test Proj 3\\empty_skeleton.AXF" 
Erase Done.
Programming Done.
Verify OK.
Build target 'Target 1'
compiling lights.c...
linking...
Program Size: Code=11562 RO-data=1402 RW-data=4 ZI-data=1636  
"empty_skeleton.axf" - 0 Error(s), 0 Warning(s).
