ARM Linker, 4.1 [Build 894] [Evaluation]

==============================================================================

Section Cross References

    main.o(.text) refers to _printf_pad.o(.text) for _printf_pre_padding
    main.o(.text) refers to _printf_percent.o(.ARM.Collect$$_printf_percent$$00000000) for _printf_percent
    main.o(.text) refers to _printf_u.o(.ARM.Collect$$_printf_percent$$0000000A) for _printf_u
    main.o(.text) refers to _printf_dec.o(.text) for _printf_int_dec
    main.o(.text) refers to _printf_d.o(.ARM.Collect$$_printf_percent$$00000009) for _printf_d
    main.o(.text) refers to _scanf_int.o(.text) for _scanf_int
    main.o(.text) refers to rtc.o(.text) for epoch_to_strings
    main.o(.text) refers to touch.o(.text) for touch_read_xy
    main.o(.text) refers to noretval__2sprintf.o(.text) for __2sprintf
    main.o(.text) refers to lcd_grph.o(.text) for lcd_putString
    main.o(.text) refers to noretval__2snprintf.o(.text) for __2snprintf
    main.o(.text) refers to strcmpv7m.o(.text) for strcmp
    main.o(.text) refers to lcd_hw.o(.text) for lcd_init
    main.o(.text) refers to lights.o(.text) for rgb_init
    main.o(.text) refers to draw.o(.text) for draw_home
    main.o(.text) refers to __0sscanf.o(.text) for __0sscanf
    startup_stm32f10x_hd.o(STACK) refers (Special) to heapauxi.o(.text) for __use_two_region_memory
    startup_stm32f10x_hd.o(HEAP) refers (Special) to heapauxi.o(.text) for __use_two_region_memory
    startup_stm32f10x_hd.o(RESET) refers (Special) to heapauxi.o(.text) for __use_two_region_memory
    startup_stm32f10x_hd.o(RESET) refers to startup_stm32f10x_hd.o(STACK) for __initial_sp
    startup_stm32f10x_hd.o(RESET) refers to startup_stm32f10x_hd.o(.text) for Reset_Handler
    startup_stm32f10x_hd.o(.text) refers (Special) to heapauxi.o(.text) for __use_two_region_memory
    startup_stm32f10x_hd.o(.text) refers to systeminit.o(.text) for SystemInit
    startup_stm32f10x_hd.o(.text) refers to __main.o(!!!main) for __main
    startup_stm32f10x_hd.o(.text) refers to startup_stm32f10x_hd.o(HEAP) for Heap_Mem
    startup_stm32f10x_hd.o(.text) refers to startup_stm32f10x_hd.o(STACK) for Stack_Mem
    rtc.o(.text) refers to _printf_pad.o(.text) for _printf_pre_padding
    rtc.o(.text) refers to _printf_percent.o(.ARM.Collect$$_printf_percent$$00000000) for _printf_percent
    rtc.o(.text) refers to _printf_u.o(.ARM.Collect$$_printf_percent$$0000000A) for _printf_u
    rtc.o(.text) refers to _printf_dec.o(.text) for _printf_int_dec
    rtc.o(.text) refers to noretval__2sprintf.o(.text) for __2sprintf
    draw.o(.text) refers to lcd_grph.o(.text) for lcd_fillScreen
    lcd_grph.o(.text) refers to lcd_ili9341.o(.text) for ili9341_WriteReg
    lcd_grph.o(.text) refers to font5x7.o(.constdata) for font5x7
    lcd_grph.o(.text) refers to lcd_grph.o(.constdata) for font_mask
    lcd_grph.o(.text) refers to lcd_grph.o(.data) for backgroundColor
    lcd_hw.o(.text) refers to lcd_ili9341.o(.text) for ili9341_Init
    lcd_ili9341.o(.text) refers to lcd_hw.o(.text) for LCD_IO_WriteReg
    __2sprintf.o(.text) refers to _printf_char_common.o(.text) for _printf_char_common
    __2sprintf.o(.text) refers to _sputc.o(.text) for _sputc
    __2snprintf.o(.text) refers to _printf_char_common.o(.text) for _printf_char_common
    __2snprintf.o(.text) refers to _sputc.o(.text) for _sputc
    __2snprintf.o(.text) refers to _snputc.o(.text) for _snputc
    noretval__2sprintf.o(.text) refers to _printf_char_common.o(.text) for _printf_char_common
    noretval__2sprintf.o(.text) refers to _sputc.o(.text) for _sputc
    noretval__2snprintf.o(.text) refers to _printf_char_common.o(.text) for _printf_char_common
    noretval__2snprintf.o(.text) refers to _sputc.o(.text) for _sputc
    noretval__2snprintf.o(.text) refers to _snputc.o(.text) for _snputc
    __printf.o(.text) refers to _printf_percent.o(.ARM.Collect$$_printf_percent$$00000000) for _printf_percent
    _printf_dec.o(.text) refers to _printf_intcommon.o(.text) for _printf_int_common
    __printf_flags.o(.text) refers to _printf_percent.o(.ARM.Collect$$_printf_percent$$00000000) for _printf_percent
    __printf_flags.o(.text) refers to __printf_flags.o(.constdata) for .constdata
    __printf_ss.o(.text) refers to _printf_percent.o(.ARM.Collect$$_printf_percent$$00000000) for _printf_percent
    __printf_flags_ss.o(.text) refers to _printf_percent.o(.ARM.Collect$$_printf_percent$$00000000) for _printf_percent
    __printf_flags_ss.o(.text) refers to __printf_flags_ss.o(.constdata) for .constdata
    __printf_wp.o(.text) refers to __printf_wp.o(i._is_digit) for _is_digit
    __printf_wp.o(.text) refers to _printf_percent.o(.ARM.Collect$$_printf_percent$$00000000) for _printf_percent
    __printf_flags_wp.o(.text) refers to __printf_wp.o(i._is_digit) for _is_digit
    __printf_flags_wp.o(.text) refers to _printf_percent.o(.ARM.Collect$$_printf_percent$$00000000) for _printf_percent
    __printf_flags_wp.o(.text) refers to __printf_flags_wp.o(.constdata) for .constdata
    __printf_ss_wp.o(.text) refers to __printf_wp.o(i._is_digit) for _is_digit
    __printf_ss_wp.o(.text) refers to _printf_percent.o(.ARM.Collect$$_printf_percent$$00000000) for _printf_percent
    __printf_flags_ss_wp.o(.text) refers to __printf_wp.o(i._is_digit) for _is_digit
    __printf_flags_ss_wp.o(.text) refers to _printf_percent.o(.ARM.Collect$$_printf_percent$$00000000) for _printf_percent
    __printf_flags_ss_wp.o(.text) refers to __printf_flags_ss_wp.o(.constdata) for .constdata
    _printf_d.o(.ARM.Collect$$_printf_percent$$00000009) refers (Weak) to _printf_dec.o(.text) for _printf_int_dec
    _printf_u.o(.ARM.Collect$$_printf_percent$$0000000A) refers (Weak) to _printf_dec.o(.text) for _printf_int_dec
    _printf_percent.o(.ARM.Collect$$_printf_percent$$00000000) refers (Special) to _printf_percent_end.o(.ARM.Collect$$_printf_percent$$00000017) for _printf_percent_end
    __0sscanf.o(.text) refers to scanf_char.o(.text) for __vfscanf_char
    __0sscanf.o(.text) refers to _sgetc.o(.text) for _sgetc
    _scanf_int.o(.text) refers to _chval.o(.text) for _chval
    __main.o(!!!main) refers to rtentry.o(.ARM.Collect$$rtentry$$00000000) for __rt_entry
    rtentry.o(.ARM.Collect$$rtentry$$00000000) refers (Special) to rtentry2.o(.ARM.Collect$$rtentry$$0000000A) for __rt_entry_li
    rtentry.o(.ARM.Collect$$rtentry$$00000000) refers (Special) to rtentry2.o(.ARM.Collect$$rtentry$$0000000D) for __rt_entry_main
    rtentry.o(.ARM.Collect$$rtentry$$00000000) refers (Special) to rtentry2.o(.ARM.Collect$$rtentry$$0000000C) for __rt_entry_postli_1
    rtentry.o(.ARM.Collect$$rtentry$$00000000) refers (Special) to rtentry2.o(.ARM.Collect$$rtentry$$00000009) for __rt_entry_postsh_1
    rtentry.o(.ARM.Collect$$rtentry$$00000000) refers (Special) to rtentry2.o(.ARM.Collect$$rtentry$$00000002) for __rt_entry_presh_1
    rtentry.o(.ARM.Collect$$rtentry$$00000000) refers (Special) to rtentry4.o(.ARM.Collect$$rtentry$$00000004) for __rt_entry_sh
    _printf_intcommon.o(.text) refers (Weak) to _printf_pad.o(.text) for _printf_pre_padding
    _printf_intcommon.o(.text) refers (Weak) to _printf_pad.o(.text) for _printf_pre_padding
    _printf_intcommon.o(.text) refers (Weak) to _printf_pad.o(.text) for _printf_post_padding
    _printf_char_common.o(.text) refers to __printf_flags_wp.o(.text) for __printf
    scanf_char.o(.text) refers to _scanf.o(.text) for __vfscanf
    scanf_char.o(.text) refers to isspace.o(.text) for isspace
    rtentry2.o(.ARM.Collect$$rtentry$$00000008) refers to boardinit2.o(.text) for _platform_post_stackheap_init
    rtentry2.o(.ARM.Collect$$rtentry$$0000000A) refers to libinit.o(.ARM.Collect$$libinit$$00000000) for __rt_lib_init
    rtentry2.o(.ARM.Collect$$rtentry$$0000000B) refers to boardinit3.o(.text) for _platform_post_lib_init
    rtentry2.o(.ARM.Collect$$rtentry$$0000000D) refers to main.o(.text) for main
    rtentry2.o(.ARM.Collect$$rtentry$$0000000D) refers to exit.o(.text) for exit
    rtentry2.o(.ARM.exidx) refers to rtentry2.o(.ARM.Collect$$rtentry$$00000001) for .ARM.Collect$$rtentry$$00000001
    rtentry2.o(.ARM.exidx) refers to rtentry2.o(.ARM.Collect$$rtentry$$00000008) for .ARM.Collect$$rtentry$$00000008
    rtentry2.o(.ARM.exidx) refers to rtentry2.o(.ARM.Collect$$rtentry$$0000000A) for .ARM.Collect$$rtentry$$0000000A
    rtentry2.o(.ARM.exidx) refers to rtentry2.o(.ARM.Collect$$rtentry$$0000000B) for .ARM.Collect$$rtentry$$0000000B
    rtentry2.o(.ARM.exidx) refers to rtentry2.o(.ARM.Collect$$rtentry$$0000000D) for .ARM.Collect$$rtentry$$0000000D
    rtentry4.o(.ARM.Collect$$rtentry$$00000004) refers to sys_stackheap_outer.o(.text) for __user_setup_stackheap
    rtentry4.o(.ARM.exidx) refers to rtentry4.o(.ARM.Collect$$rtentry$$00000004) for .ARM.Collect$$rtentry$$00000004
    isspace.o(.text) refers to rt_ctype_table.o(.text) for __rt_ctype_table
    _scanf.o(.text) refers (Weak) to _scanf_int.o(.text) for _scanf_int
    sys_stackheap_outer.o(.text) refers to libspace.o(.text) for __user_perproc_libspace
    sys_stackheap_outer.o(.text) refers to startup_stm32f10x_hd.o(.text) for __user_initial_stackheap
    rt_ctype_table.o(.text) refers to rt_locale_intlibspace.o(.text) for __rt_locale
    rt_ctype_table.o(.text) refers to lc_ctype_c.o(locale$$code) for _get_lc_ctype
    exit.o(.text) refers to rtexit.o(.ARM.Collect$$rtexit$$00000000) for __rt_exit
    libinit.o(.ARM.Collect$$libinit$$00000000) refers (Special) to libinit2.o(.ARM.Collect$$libinit$$0000002A) for __rt_lib_init_alloca_1
    libinit.o(.ARM.Collect$$libinit$$00000000) refers (Special) to libinit2.o(.ARM.Collect$$libinit$$00000028) for __rt_lib_init_argv_1
    libinit.o(.ARM.Collect$$libinit$$00000000) refers (Special) to libinit2.o(.ARM.Collect$$libinit$$00000017) for __rt_lib_init_atexit_1
    libinit.o(.ARM.Collect$$libinit$$00000000) refers (Special) to libinit2.o(.ARM.Collect$$libinit$$0000001D) for __rt_lib_init_clock_1
    libinit.o(.ARM.Collect$$libinit$$00000000) refers (Special) to libinit2.o(.ARM.Collect$$libinit$$0000002E) for __rt_lib_init_cpp_1
    libinit.o(.ARM.Collect$$libinit$$00000000) refers (Special) to libinit2.o(.ARM.Collect$$libinit$$0000002C) for __rt_lib_init_exceptions_1
    libinit.o(.ARM.Collect$$libinit$$00000000) refers (Special) to libinit2.o(.ARM.Collect$$libinit$$0000001B) for __rt_lib_init_fp_trap_1
    libinit.o(.ARM.Collect$$libinit$$00000000) refers (Special) to libinit2.o(.ARM.Collect$$libinit$$0000001F) for __rt_lib_init_getenv_1
    libinit.o(.ARM.Collect$$libinit$$00000000) refers (Special) to libinit2.o(.ARM.Collect$$libinit$$00000006) for __rt_lib_init_heap_1
    libinit.o(.ARM.Collect$$libinit$$00000000) refers (Special) to libinit2.o(.ARM.Collect$$libinit$$0000000D) for __rt_lib_init_lc_collate_1
    libinit.o(.ARM.Collect$$libinit$$00000000) refers (Special) to libinit2.o(.ARM.Collect$$libinit$$0000000F) for __rt_lib_init_lc_ctype_1
    libinit.o(.ARM.Collect$$libinit$$00000000) refers (Special) to libinit2.o(.ARM.Collect$$libinit$$00000011) for __rt_lib_init_lc_monetary_1
    libinit.o(.ARM.Collect$$libinit$$00000000) refers (Special) to libinit2.o(.ARM.Collect$$libinit$$00000013) for __rt_lib_init_lc_numeric_1
    libinit.o(.ARM.Collect$$libinit$$00000000) refers (Special) to libinit2.o(.ARM.Collect$$libinit$$00000015) for __rt_lib_init_lc_time_1
    libinit.o(.ARM.Collect$$libinit$$00000000) refers (Special) to libinit2.o(.ARM.Collect$$libinit$$0000000A) for __rt_lib_init_rand_1
    libinit.o(.ARM.Collect$$libinit$$00000000) refers (Special) to libinit2.o(.ARM.Collect$$libinit$$0000002F) for __rt_lib_init_return
    libinit.o(.ARM.Collect$$libinit$$00000000) refers (Special) to libinit2.o(.ARM.Collect$$libinit$$00000019) for __rt_lib_init_signal_1
    libinit.o(.ARM.Collect$$libinit$$00000000) refers (Special) to libinit2.o(.ARM.Collect$$libinit$$00000021) for __rt_lib_init_stdio_1
    libinit.o(.ARM.Collect$$libinit$$00000000) refers (Special) to libinit2.o(.ARM.Collect$$libinit$$00000008) for __rt_lib_init_user_alloc_1
    libinit.o(.ARM.Collect$$libinit$$00000000) refers to fpinit.o(x$fpl$fpinit) for _fp_init
    libspace.o(.text) refers to libspace.o(.bss) for __libspace_start
    rtexit.o(.ARM.Collect$$rtexit$$00000000) refers (Special) to rtexit2.o(.ARM.Collect$$rtexit$$00000004) for __rt_exit_exit
    rtexit.o(.ARM.Collect$$rtexit$$00000000) refers (Special) to rtexit2.o(.ARM.Collect$$rtexit$$00000003) for __rt_exit_ls
    rtexit.o(.ARM.Collect$$rtexit$$00000000) refers (Special) to rtexit2.o(.ARM.Collect$$rtexit$$00000002) for __rt_exit_prels_1
    rtexit.o(.ARM.exidx) refers (Special) to rtexit2.o(.ARM.Collect$$rtexit$$00000004) for __rt_exit_exit
    rtexit.o(.ARM.exidx) refers (Special) to rtexit2.o(.ARM.Collect$$rtexit$$00000003) for __rt_exit_ls
    rtexit.o(.ARM.exidx) refers (Special) to rtexit2.o(.ARM.Collect$$rtexit$$00000002) for __rt_exit_prels_1
    rtexit.o(.ARM.exidx) refers to rtexit.o(.ARM.Collect$$rtexit$$00000000) for .ARM.Collect$$rtexit$$00000000
    rt_locale.o(.text) refers to rt_locale.o(.bss) for __rt_locale_data
    rt_locale_intlibspace.o(.text) refers to libspace.o(.bss) for __libspace_start
    lc_ctype_c.o(locale$$data) refers (Special) to libinit2.o(.ARM.Collect$$libinit$$0000000E) for __rt_lib_init_lc_ctype_2
    lc_ctype_c.o(locale$$code) refers (Special) to libinit2.o(.ARM.Collect$$libinit$$0000000E) for __rt_lib_init_lc_ctype_2
    lc_ctype_c.o(locale$$code) refers to strcmpv7m.o(.text) for strcmp
    lc_ctype_c.o(locale$$code) refers to lc_ctype_c.o(locale$$data) for __lcctype_c_name
    libinit2.o(.ARM.Collect$$libinit$$0000000B) refers (Weak) to rt_locale_intlibspace.o(.text) for __rt_locale
    libinit2.o(.ARM.Collect$$libinit$$0000000C) refers to libinit2.o(.ARM.Collect$$libinit$$0000000B) for .ARM.Collect$$libinit$$0000000B
    libinit2.o(.ARM.Collect$$libinit$$0000000E) refers to libinit2.o(.ARM.Collect$$libinit$$0000000B) for .ARM.Collect$$libinit$$0000000B
    libinit2.o(.ARM.Collect$$libinit$$0000000E) refers (Weak) to lc_ctype_c.o(locale$$code) for _get_lc_ctype
    libinit2.o(.ARM.Collect$$libinit$$00000010) refers to libinit2.o(.ARM.Collect$$libinit$$0000000B) for .ARM.Collect$$libinit$$0000000B
    libinit2.o(.ARM.Collect$$libinit$$00000012) refers to libinit2.o(.ARM.Collect$$libinit$$0000000B) for .ARM.Collect$$libinit$$0000000B
    libinit2.o(.ARM.Collect$$libinit$$00000014) refers to libinit2.o(.ARM.Collect$$libinit$$0000000B) for .ARM.Collect$$libinit$$0000000B
    libinit2.o(.ARM.Collect$$libinit$$00000022) refers to argv_veneer.o(.emb_text) for __ARM_argv_veneer
    libinit2.o(.ARM.Collect$$libinit$$00000023) refers to argv_veneer.o(.emb_text) for __ARM_argv_veneer
    fpinit.o(x$fpl$fpinit) refers to rt_fp_status_addr_intlibspace.o(.text) for __rt_fp_status_addr
    rtexit2.o(.ARM.Collect$$rtexit$$00000003) refers to libshutdown.o(.ARM.Collect$$libshutdown$$00000000) for __rt_lib_shutdown
    rtexit2.o(.ARM.Collect$$rtexit$$00000004) refers to sys_exit.o(.text) for _sys_exit
    rtexit2.o(.ARM.exidx) refers to rtexit2.o(.ARM.Collect$$rtexit$$00000001) for .ARM.Collect$$rtexit$$00000001
    rtexit2.o(.ARM.exidx) refers to rtexit2.o(.ARM.Collect$$rtexit$$00000003) for .ARM.Collect$$rtexit$$00000003
    rtexit2.o(.ARM.exidx) refers to rtexit2.o(.ARM.Collect$$rtexit$$00000004) for .ARM.Collect$$rtexit$$00000004
    rt_fp_status_addr.o(.text) refers to rt_fp_status_addr.o(.bss) for __rt_fp_status_addr_data
    rt_fp_status_addr_intlibspace.o(.text) refers to libspace.o(.bss) for __libspace_start
    argv_veneer.o(.emb_text) refers to no_argv.o(.text) for __ARM_get_argv
    sys_exit.o(.text) refers (Special) to use_no_semi.o(.text) for __I$use$semihosting
    sys_exit.o(.text) refers (Special) to indicate_semi.o(.text) for __semihosting_library_function
    _get_argv_nomalloc.o(.text) refers (Special) to hrguard.o(.text) for __heap_region$guard
    _get_argv_nomalloc.o(.text) refers to defsig_rtmem_outer.o(.text) for __rt_SIGRTMEM
    _get_argv_nomalloc.o(.text) refers to sys_command.o(.text) for _sys_command_string
    libshutdown.o(.ARM.Collect$$libshutdown$$00000000) refers (Special) to libshutdown2.o(.ARM.Collect$$libshutdown$$00000006) for __rt_lib_shutdown_fp_trap_1
    libshutdown.o(.ARM.Collect$$libshutdown$$00000000) refers (Special) to libshutdown2.o(.ARM.Collect$$libshutdown$$0000000E) for __rt_lib_shutdown_heap_1
    libshutdown.o(.ARM.Collect$$libshutdown$$00000000) refers (Special) to libshutdown2.o(.ARM.Collect$$libshutdown$$0000000F) for __rt_lib_shutdown_return
    libshutdown.o(.ARM.Collect$$libshutdown$$00000000) refers (Special) to libshutdown2.o(.ARM.Collect$$libshutdown$$00000009) for __rt_lib_shutdown_signal_1
    libshutdown.o(.ARM.Collect$$libshutdown$$00000000) refers (Special) to libshutdown2.o(.ARM.Collect$$libshutdown$$00000003) for __rt_lib_shutdown_stdio_1
    libshutdown.o(.ARM.Collect$$libshutdown$$00000000) refers (Special) to libshutdown2.o(.ARM.Collect$$libshutdown$$0000000B) for __rt_lib_shutdown_user_alloc_1
    sys_command.o(.text) refers (Special) to use_no_semi.o(.text) for __I$use$semihosting
    sys_command.o(.text) refers (Special) to indicate_semi.o(.text) for __semihosting_library_function
    defsig_rtmem_outer.o(.text) refers to defsig_rtmem_inner.o(.text) for __rt_SIGRTMEM_inner
    defsig_rtmem_outer.o(.text) refers to defsig_exit.o(.text) for __sig_exit
    defsig_rtmem_formal.o(.text) refers to rt_raise.o(.text) for __rt_raise
    rt_raise.o(.text) refers to __raise.o(.text) for __raise
    rt_raise.o(.text) refers to sys_exit.o(.text) for _sys_exit
    defsig_exit.o(.text) refers to sys_exit.o(.text) for _sys_exit
    defsig_rtmem_inner.o(.text) refers to defsig_general.o(.text) for __default_signal_display
    __raise.o(.text) refers to defsig.o(CL$$defsig) for __default_signal_handler
    defsig_general.o(.text) refers to sys_wrch.o(.text) for _ttywrch
    sys_wrch.o(.text) refers (Special) to use_no_semi.o(.text) for __I$use$semihosting
    sys_wrch.o(.text) refers (Special) to indicate_semi.o(.text) for __semihosting_library_function
    defsig.o(CL$$defsig) refers to defsig_rtmem_inner.o(.text) for __rt_SIGRTMEM_inner
    defsig_abrt_inner.o(.text) refers to defsig_general.o(.text) for __default_signal_display
    defsig_fpe_inner.o(.text) refers to defsig_general.o(.text) for __default_signal_display
    defsig_rtred_inner.o(.text) refers to defsig_general.o(.text) for __default_signal_display
    defsig_stak_inner.o(.text) refers to defsig_general.o(.text) for __default_signal_display
    defsig_pvfn_inner.o(.text) refers to defsig_general.o(.text) for __default_signal_display
    defsig_cppl_inner.o(.text) refers to defsig_general.o(.text) for __default_signal_display
    defsig_segv_inner.o(.text) refers to defsig_general.o(.text) for __default_signal_display
    defsig_other.o(.text) refers to defsig_general.o(.text) for __default_signal_display


==============================================================================

Removing Unused input sections from the image.

    Removing main.o(.rev16_text), (4 bytes).
    Removing main.o(.revsh_text), (4 bytes).
    Removing systeminit.o(.rev16_text), (4 bytes).
    Removing systeminit.o(.revsh_text), (4 bytes).
    Removing rtc.o(.rev16_text), (4 bytes).
    Removing rtc.o(.revsh_text), (4 bytes).
    Removing touch.o(.rev16_text), (4 bytes).
    Removing touch.o(.revsh_text), (4 bytes).
    Removing draw.o(.rev16_text), (4 bytes).
    Removing draw.o(.revsh_text), (4 bytes).
    Removing songs.o(.data), (4216 bytes).
    Removing lights.o(.rev16_text), (4 bytes).
    Removing lights.o(.revsh_text), (4 bytes).
    Removing lcd_hw.o(.rev16_text), (4 bytes).
    Removing lcd_hw.o(.revsh_text), (4 bytes).
    Removing lcd_ili9341.o(.rev16_text), (4 bytes).
    Removing lcd_ili9341.o(.revsh_text), (4 bytes).

17 unused section(s) (total 4280 bytes) removed from the image.

==============================================================================

Image Symbol Table

    Local Symbols

    Symbol Name                              Value     Ov Type        Size  Object(Section)

    ../../angel/boardlib.s                   0x00000000   Number         0  boardinit2.o ABSOLUTE
    ../../angel/boardlib.s                   0x00000000   Number         0  boardinit1.o ABSOLUTE
    ../../angel/boardlib.s                   0x00000000   Number         0  boardshut.o ABSOLUTE
    ../../angel/boardlib.s                   0x00000000   Number         0  boardinit3.o ABSOLUTE
    ../../angel/handlers.s                   0x00000000   Number         0  __scatter_copy.o ABSOLUTE
    ../../angel/handlers.s                   0x00000000   Number         0  __scatter_zi.o ABSOLUTE
    ../../angel/kernel.s                     0x00000000   Number         0  rtexit.o ABSOLUTE
    ../../angel/kernel.s                     0x00000000   Number         0  rtentry4.o ABSOLUTE
    ../../angel/kernel.s                     0x00000000   Number         0  rtentry2.o ABSOLUTE
    ../../angel/kernel.s                     0x00000000   Number         0  rtexit2.o ABSOLUTE
    ../../angel/kernel.s                     0x00000000   Number         0  rtentry.o ABSOLUTE
    ../../angel/rt.s                         0x00000000   Number         0  rt_locale.o ABSOLUTE
    ../../angel/rt.s                         0x00000000   Number         0  rt_fp_status_addr.o ABSOLUTE
    ../../angel/rt.s                         0x00000000   Number         0  rt_raise.o ABSOLUTE
    ../../angel/rt.s                         0x00000000   Number         0  rt_locale_intlibspace.o ABSOLUTE
    ../../angel/rt.s                         0x00000000   Number         0  rt_fp_status_addr_intlibspace.o ABSOLUTE
    ../../angel/rt.s                         0x00000000   Number         0  rt_ctype_table.o ABSOLUTE
    ../../angel/scatter.s                    0x00000000   Number         0  __scatter.o ABSOLUTE
    ../../angel/startup.s                    0x00000000   Number         0  __main.o ABSOLUTE
    ../../angel/sys.s                        0x00000000   Number         0  libspace.o ABSOLUTE
    ../../angel/sys.s                        0x00000000   Number         0  indicate_semi.o ABSOLUTE
    ../../angel/sys.s                        0x00000000   Number         0  sys_stackheap_outer.o ABSOLUTE
    ../../angel/sys.s                        0x00000000   Number         0  use_no_semi.o ABSOLUTE
    ../../angel/sysapp.c                     0x00000000   Number         0  sys_exit.o ABSOLUTE
    ../../angel/sysapp.c                     0x00000000   Number         0  sys_wrch.o ABSOLUTE
    ../../angel/sysapp.c                     0x00000000   Number         0  sys_command.o ABSOLUTE
    ../../armsys.c                           0x00000000   Number         0  argv_veneer.o ABSOLUTE
    ../../armsys.c                           0x00000000   Number         0  _get_argv_nomalloc.o ABSOLUTE
    ../../armsys.c                           0x00000000   Number         0  argv_veneer.o ABSOLUTE
    ../../armsys.c                           0x00000000   Number         0  no_argv.o ABSOLUTE
    ../../ctype.c                            0x00000000   Number         0  isspace.o ABSOLUTE
    ../../fpinit.s                           0x00000000   Number         0  fpinit.o ABSOLUTE
    ../../heapalloc.c                        0x00000000   Number         0  hrguard.o ABSOLUTE
    ../../heapaux.c                          0x00000000   Number         0  heapauxi.o ABSOLUTE
    ../../libinit.s                          0x00000000   Number         0  libinit.o ABSOLUTE
    ../../libinit.s                          0x00000000   Number         0  libshutdown.o ABSOLUTE
    ../../libinit.s                          0x00000000   Number         0  libshutdown2.o ABSOLUTE
    ../../libinit.s                          0x00000000   Number         0  libinit2.o ABSOLUTE
    ../../locale.s                           0x00000000   Number         0  lc_ctype_c.o ABSOLUTE
    ../../memcpset.s                         0x00000000   Number         0  strcmpv7m.o ABSOLUTE
    ../../misc.s                             0x00000000   Number         0  printf_stubs.o ABSOLUTE
    ../../printf.c                           0x00000000   Number         0  __2snprintf.o ABSOLUTE
    ../../printf.c                           0x00000000   Number         0  _sputc.o ABSOLUTE
    ../../printf.c                           0x00000000   Number         0  __printf_flags_ss.o ABSOLUTE
    ../../printf.c                           0x00000000   Number         0  _printf_dec.o ABSOLUTE
    ../../printf.c                           0x00000000   Number         0  noretval__2sprintf.o ABSOLUTE
    ../../printf.c                           0x00000000   Number         0  __printf_nopercent.o ABSOLUTE
    ../../printf.c                           0x00000000   Number         0  noretval__2snprintf.o ABSOLUTE
    ../../printf.c                           0x00000000   Number         0  __printf_flags.o ABSOLUTE
    ../../printf.c                           0x00000000   Number         0  __printf_flags_ss_wp.o ABSOLUTE
    ../../printf.c                           0x00000000   Number         0  _printf_pad.o ABSOLUTE
    ../../printf.c                           0x00000000   Number         0  __printf_ss_wp.o ABSOLUTE
    ../../printf.c                           0x00000000   Number         0  __printf_ss.o ABSOLUTE
    ../../printf.c                           0x00000000   Number         0  __2sprintf.o ABSOLUTE
    ../../printf.c                           0x00000000   Number         0  __printf.o ABSOLUTE
    ../../printf.c                           0x00000000   Number         0  __printf_flags_wp.o ABSOLUTE
    ../../printf.c                           0x00000000   Number         0  _snputc.o ABSOLUTE
    ../../printf.c                           0x00000000   Number         0  _printf_intcommon.o ABSOLUTE
    ../../printf.c                           0x00000000   Number         0  __printf_wp.o ABSOLUTE
    ../../printf.c                           0x00000000   Number         0  _printf_char_common.o ABSOLUTE
    ../../printf_percent.s                   0x00000000   Number         0  _printf_d.o ABSOLUTE
    ../../printf_percent.s                   0x00000000   Number         0  _printf_u.o ABSOLUTE
    ../../printf_percent.s                   0x00000000   Number         0  _printf_percent.o ABSOLUTE
    ../../printf_percent.s                   0x00000000   Number         0  _printf_percent_end.o ABSOLUTE
    ../../scanf.c                            0x00000000   Number         0  _scanf.o ABSOLUTE
    ../../scanf.c                            0x00000000   Number         0  _sgetc.o ABSOLUTE
    ../../scanf.c                            0x00000000   Number         0  scanf_char.o ABSOLUTE
    ../../scanf.c                            0x00000000   Number         0  _chval.o ABSOLUTE
    ../../scanf.c                            0x00000000   Number         0  _scanf_int.o ABSOLUTE
    ../../scanf.c                            0x00000000   Number         0  __0sscanf.o ABSOLUTE
    ../../signal.c                           0x00000000   Number         0  defsig_rtmem_formal.o ABSOLUTE
    ../../signal.c                           0x00000000   Number         0  defsig_other.o ABSOLUTE
    ../../signal.c                           0x00000000   Number         0  defsig_rtmem_inner.o ABSOLUTE
    ../../signal.c                           0x00000000   Number         0  __raise.o ABSOLUTE
    ../../signal.c                           0x00000000   Number         0  defsig_rtmem_outer.o ABSOLUTE
    ../../signal.c                           0x00000000   Number         0  defsig_general.o ABSOLUTE
    ../../signal.c                           0x00000000   Number         0  defsig_abrt_inner.o ABSOLUTE
    ../../signal.c                           0x00000000   Number         0  defsig_fpe_inner.o ABSOLUTE
    ../../signal.c                           0x00000000   Number         0  defsig_segv_inner.o ABSOLUTE
    ../../signal.c                           0x00000000   Number         0  defsig_rtred_inner.o ABSOLUTE
    ../../signal.c                           0x00000000   Number         0  defsig_exit.o ABSOLUTE
    ../../signal.c                           0x00000000   Number         0  defsig_stak_inner.o ABSOLUTE
    ../../signal.c                           0x00000000   Number         0  defsig_pvfn_inner.o ABSOLUTE
    ../../signal.c                           0x00000000   Number         0  defsig_cppl_inner.o ABSOLUTE
    ../../signal.s                           0x00000000   Number         0  defsig.o ABSOLUTE
    ../../stdlib.c                           0x00000000   Number         0  exit.o ABSOLUTE
    LCD\\lcd_hw.c                            0x00000000   Number         0  lcd_hw.o ABSOLUTE
    LCD\\lcd_ili9341.c                       0x00000000   Number         0  lcd_ili9341.o ABSOLUTE
    LCD\font5x7.c                            0x00000000   Number         0  font5x7.o ABSOLUTE
    LCD\lcd_grph.c                           0x00000000   Number         0  lcd_grph.o ABSOLUTE
    LCD\lcd_hw.c                             0x00000000   Number         0  lcd_hw.o ABSOLUTE
    LCD\lcd_ili9341.c                        0x00000000   Number         0  lcd_ili9341.o ABSOLUTE
    Sources\\draw.c                          0x00000000   Number         0  draw.o ABSOLUTE
    Sources\\lights.c                        0x00000000   Number         0  lights.o ABSOLUTE
    Sources\\rtc.c                           0x00000000   Number         0  rtc.o ABSOLUTE
    Sources\\touch.c                         0x00000000   Number         0  touch.o ABSOLUTE
    Sources\draw.c                           0x00000000   Number         0  draw.o ABSOLUTE
    Sources\lights.c                         0x00000000   Number         0  lights.o ABSOLUTE
    Sources\rtc.c                            0x00000000   Number         0  rtc.o ABSOLUTE
    Sources\songs.c                          0x00000000   Number         0  songs.o ABSOLUTE
    Sources\startup_stm32f10x_hd.s           0x00000000   Number         0  startup_stm32f10x_hd.o ABSOLUTE
    Sources\touch.c                          0x00000000   Number         0  touch.o ABSOLUTE
    dc.s                                     0x00000000   Number         0  dc.o ABSOLUTE
    sources\SystemInit.c                     0x00000000   Number         0  systeminit.o ABSOLUTE
    sources\\SystemInit.c                    0x00000000   Number         0  systeminit.o ABSOLUTE
    sources\\main.c                          0x00000000   Number         0  main.o ABSOLUTE
    sources\main.c                           0x00000000   Number         0  main.o ABSOLUTE
    RESET                                    0x08000000   Section      304  startup_stm32f10x_hd.o(RESET)
    !!!main                                  0x08000130   Section        8  __main.o(!!!main)
    !!!scatter                               0x08000138   Section       52  __scatter.o(!!!scatter)
    !!handler_copy                           0x0800016c   Section       26  __scatter_copy.o(!!handler_copy)
    !!handler_zi                             0x08000188   Section       28  __scatter_zi.o(!!handler_zi)
    .ARM.Collect$$_printf_percent$$00000000  0x080001a4   Section        0  _printf_percent.o(.ARM.Collect$$_printf_percent$$00000000)
    .ARM.Collect$$_printf_percent$$00000009  0x080001a4   Section        6  _printf_d.o(.ARM.Collect$$_printf_percent$$00000009)
    .ARM.Collect$$_printf_percent$$0000000A  0x080001aa   Section        6  _printf_u.o(.ARM.Collect$$_printf_percent$$0000000A)
    .ARM.Collect$$_printf_percent$$00000017  0x080001b0   Section        4  _printf_percent_end.o(.ARM.Collect$$_printf_percent$$00000017)
    .ARM.Collect$$libinit$$00000000          0x080001b4   Section        6  libinit.o(.ARM.Collect$$libinit$$00000000)
    .ARM.Collect$$libinit$$00000006          0x080001ba   Section        0  libinit2.o(.ARM.Collect$$libinit$$00000006)
    .ARM.Collect$$libinit$$00000008          0x080001ba   Section        0  libinit2.o(.ARM.Collect$$libinit$$00000008)
    .ARM.Collect$$libinit$$0000000A          0x080001ba   Section        0  libinit2.o(.ARM.Collect$$libinit$$0000000A)
    .ARM.Collect$$libinit$$0000000B          0x080001ba   Section        6  libinit2.o(.ARM.Collect$$libinit$$0000000B)
    .ARM.Collect$$libinit$$0000000D          0x080001c0   Section        0  libinit2.o(.ARM.Collect$$libinit$$0000000D)
    .ARM.Collect$$libinit$$0000000E          0x080001c0   Section       12  libinit2.o(.ARM.Collect$$libinit$$0000000E)
    .ARM.Collect$$libinit$$0000000F          0x080001cc   Section        0  libinit2.o(.ARM.Collect$$libinit$$0000000F)
    .ARM.Collect$$libinit$$00000011          0x080001cc   Section        0  libinit2.o(.ARM.Collect$$libinit$$00000011)
    .ARM.Collect$$libinit$$00000013          0x080001cc   Section        0  libinit2.o(.ARM.Collect$$libinit$$00000013)
    .ARM.Collect$$libinit$$00000015          0x080001cc   Section        0  libinit2.o(.ARM.Collect$$libinit$$00000015)
    .ARM.Collect$$libinit$$00000017          0x080001cc   Section        0  libinit2.o(.ARM.Collect$$libinit$$00000017)
    .ARM.Collect$$libinit$$00000019          0x080001cc   Section        0  libinit2.o(.ARM.Collect$$libinit$$00000019)
    .ARM.Collect$$libinit$$0000001B          0x080001cc   Section        0  libinit2.o(.ARM.Collect$$libinit$$0000001B)
    .ARM.Collect$$libinit$$0000001D          0x080001cc   Section        0  libinit2.o(.ARM.Collect$$libinit$$0000001D)
    .ARM.Collect$$libinit$$0000001F          0x080001cc   Section        0  libinit2.o(.ARM.Collect$$libinit$$0000001F)
    .ARM.Collect$$libinit$$00000021          0x080001cc   Section        0  libinit2.o(.ARM.Collect$$libinit$$00000021)
    .ARM.Collect$$libinit$$00000028          0x080001cc   Section        0  libinit2.o(.ARM.Collect$$libinit$$00000028)
    .ARM.Collect$$libinit$$0000002A          0x080001cc   Section        0  libinit2.o(.ARM.Collect$$libinit$$0000002A)
    .ARM.Collect$$libinit$$0000002C          0x080001cc   Section        0  libinit2.o(.ARM.Collect$$libinit$$0000002C)
    .ARM.Collect$$libinit$$0000002E          0x080001cc   Section        0  libinit2.o(.ARM.Collect$$libinit$$0000002E)
    .ARM.Collect$$libinit$$0000002F          0x080001cc   Section        2  libinit2.o(.ARM.Collect$$libinit$$0000002F)
    .ARM.Collect$$libshutdown$$00000000      0x080001ce   Section        2  libshutdown.o(.ARM.Collect$$libshutdown$$00000000)
    .ARM.Collect$$libshutdown$$00000003      0x080001d0   Section        0  libshutdown2.o(.ARM.Collect$$libshutdown$$00000003)
    .ARM.Collect$$libshutdown$$00000006      0x080001d0   Section        0  libshutdown2.o(.ARM.Collect$$libshutdown$$00000006)
    .ARM.Collect$$libshutdown$$00000009      0x080001d0   Section        0  libshutdown2.o(.ARM.Collect$$libshutdown$$00000009)
    .ARM.Collect$$libshutdown$$0000000B      0x080001d0   Section        0  libshutdown2.o(.ARM.Collect$$libshutdown$$0000000B)
    .ARM.Collect$$libshutdown$$0000000E      0x080001d0   Section        0  libshutdown2.o(.ARM.Collect$$libshutdown$$0000000E)
    .ARM.Collect$$libshutdown$$0000000F      0x080001d0   Section        2  libshutdown2.o(.ARM.Collect$$libshutdown$$0000000F)
    .ARM.Collect$$rtentry$$00000000          0x080001d2   Section        0  rtentry.o(.ARM.Collect$$rtentry$$00000000)
    .ARM.Collect$$rtentry$$00000002          0x080001d2   Section        0  rtentry2.o(.ARM.Collect$$rtentry$$00000002)
    .ARM.Collect$$rtentry$$00000004          0x080001d2   Section        6  rtentry4.o(.ARM.Collect$$rtentry$$00000004)
    .ARM.Collect$$rtentry$$00000009          0x080001d8   Section        0  rtentry2.o(.ARM.Collect$$rtentry$$00000009)
    .ARM.Collect$$rtentry$$0000000A          0x080001d8   Section        4  rtentry2.o(.ARM.Collect$$rtentry$$0000000A)
    .ARM.Collect$$rtentry$$0000000C          0x080001dc   Section        0  rtentry2.o(.ARM.Collect$$rtentry$$0000000C)
    .ARM.Collect$$rtentry$$0000000D          0x080001dc   Section        8  rtentry2.o(.ARM.Collect$$rtentry$$0000000D)
    .ARM.Collect$$rtexit$$00000000           0x080001e4   Section        2  rtexit.o(.ARM.Collect$$rtexit$$00000000)
    .ARM.Collect$$rtexit$$00000002           0x080001e6   Section        0  rtexit2.o(.ARM.Collect$$rtexit$$00000002)
    .ARM.Collect$$rtexit$$00000003           0x080001e6   Section        4  rtexit2.o(.ARM.Collect$$rtexit$$00000003)
    .ARM.Collect$$rtexit$$00000004           0x080001ea   Section        6  rtexit2.o(.ARM.Collect$$rtexit$$00000004)
    .text                                    0x080001f0   Section        0  main.o(.text)
    .text                                    0x080007e8   Section        0  systeminit.o(.text)
    .text                                    0x080007ec   Section       64  startup_stm32f10x_hd.o(.text)
    .text                                    0x0800082c   Section        0  rtc.o(.text)
    .text                                    0x08000a88   Section        0  touch.o(.text)
    .text                                    0x08000c90   Section        0  draw.o(.text)
    .text                                    0x08001098   Section        0  lights.o(.text)
    .text                                    0x08001368   Section        0  lcd_grph.o(.text)
    .text                                    0x08001f54   Section        0  lcd_hw.o(.text)
    .text                                    0x08002120   Section        0  lcd_ili9341.o(.text)
    .text                                    0x080023f0   Section        0  noretval__2sprintf.o(.text)
    .text                                    0x08002418   Section        0  noretval__2snprintf.o(.text)
    .text                                    0x0800244c   Section        0  _printf_pad.o(.text)
    .text                                    0x080024a0   Section        0  _printf_dec.o(.text)
    .text                                    0x08002518   Section        0  __printf_flags_wp.o(.text)
    .text                                    0x08002654   Section        0  __0sscanf.o(.text)
    .text                                    0x08002690   Section        0  _scanf_int.o(.text)
    .text                                    0x080027e0   Section      128  strcmpv7m.o(.text)
    .text                                    0x08002860   Section        0  heapauxi.o(.text)
    .text                                    0x08002866   Section        0  _printf_intcommon.o(.text)
    .text                                    0x08002920   Section        0  _printf_char_common.o(.text)
    _printf_input_char                       0x08002921   Thumb Code    10  _printf_char_common.o(.text)
    .text                                    0x08002950   Section        0  _sputc.o(.text)
    .text                                    0x0800295a   Section        0  _snputc.o(.text)
    .text                                    0x0800296a   Section        0  _chval.o(.text)
    .text                                    0x08002988   Section        0  scanf_char.o(.text)
    _scanf_char_input                        0x08002989   Thumb Code    12  scanf_char.o(.text)
    .text                                    0x080029b8   Section        0  _sgetc.o(.text)
    .text                                    0x080029f8   Section        0  isspace.o(.text)
    .text                                    0x08002a0c   Section        0  _scanf.o(.text)
    .text                                    0x08002d84   Section       74  sys_stackheap_outer.o(.text)
    .text                                    0x08002dd0   Section       16  rt_ctype_table.o(.text)
    .text                                    0x08002de0   Section        0  exit.o(.text)
    .text                                    0x08002dec   Section        8  libspace.o(.text)
    .text                                    0x08002df4   Section        8  rt_locale_intlibspace.o(.text)
    .text                                    0x08002dfc   Section        8  rt_fp_status_addr_intlibspace.o(.text)
    .text                                    0x08002e04   Section        0  sys_exit.o(.text)
    .text                                    0x08002e10   Section        2  use_no_semi.o(.text)
    .text                                    0x08002e12   Section        0  indicate_semi.o(.text)
    i._is_digit                              0x08002e12   Section        0  __printf_wp.o(i._is_digit)
    locale$$code                             0x08002e20   Section       44  lc_ctype_c.o(locale$$code)
    x$fpl$fpinit                             0x08002e4c   Section       14  fpinit.o(x$fpl$fpinit)
    .constdata                               0x08002e5a   Section      768  font5x7.o(.constdata)
    .constdata                               0x0800315a   Section        8  lcd_grph.o(.constdata)
    font_mask                                0x0800315a   Data           8  lcd_grph.o(.constdata)
    .constdata                               0x08003162   Section       17  __printf_flags_wp.o(.constdata)
    maptable                                 0x08003162   Data          17  __printf_flags_wp.o(.constdata)
    locale$$data                             0x08003194   Section      272  lc_ctype_c.o(locale$$data)
    __lcctype_c_name                         0x08003198   Data           2  lc_ctype_c.o(locale$$data)
    __lcctype_c_start                        0x080031a0   Data           0  lc_ctype_c.o(locale$$data)
    __lcctype_c_end                          0x080032a4   Data           0  lc_ctype_c.o(locale$$data)
    .data                                    0x20000000   Section        4  lcd_grph.o(.data)
    foregroundColor                          0x20000000   Data           2  lcd_grph.o(.data)
    backgroundColor                          0x20000002   Data           2  lcd_grph.o(.data)
    .bss                                     0x20000004   Section       96  libspace.o(.bss)
    HEAP                                     0x20000068   Section      512  startup_stm32f10x_hd.o(HEAP)
    Heap_Mem                                 0x20000068   Data         512  startup_stm32f10x_hd.o(HEAP)
    STACK                                    0x20000268   Section     1024  startup_stm32f10x_hd.o(STACK)
    Stack_Mem                                0x20000268   Data        1024  startup_stm32f10x_hd.o(STACK)
    __initial_sp                             0x20000668   Data           0  startup_stm32f10x_hd.o(STACK)

    Global Symbols

    Symbol Name                              Value     Ov Type        Size  Object(Section)

    BuildAttributes$$THM_ISAv4$P$D$K$B$S$PE$A:L22UL41UL21$X:L11$S22US41US21$IEEE1$IW$USESV6$~STKCKD$USESV7$~SHL$OSPACE$ROPI$EBA8$UX$STANDARDLIB$REQ8$PRES8$EABIv2 0x00000000   Number         0  anon$$obj.o ABSOLUTE
    __ARM_use_no_argv                        0x00000000   Number         0  main.o ABSOLUTE
    _printf_flags                            0x00000000   Number         0  printf_stubs.o ABSOLUTE
    _printf_return_value                     0x00000000   Number         0  printf_stubs.o ABSOLUTE
    _printf_sizespec                         0x00000000   Number         0  printf_stubs.o ABSOLUTE
    _printf_widthprec                        0x00000000   Number         0  printf_stubs.o ABSOLUTE
    __ARM_exceptions_init                     - Undefined Weak Reference
    __alloca_initialize                       - Undefined Weak Reference
    __cpp_initialize__aeabi_                  - Undefined Weak Reference
    __cxa_finalize                            - Undefined Weak Reference
    __sigvec_lookup                           - Undefined Weak Reference
    _atexit_init                              - Undefined Weak Reference
    _call_atexit_fns                          - Undefined Weak Reference
    _clock_init                               - Undefined Weak Reference
    _fp_trap_init                             - Undefined Weak Reference
    _fp_trap_shutdown                         - Undefined Weak Reference
    _get_lc_collate                           - Undefined Weak Reference
    _get_lc_monetary                          - Undefined Weak Reference
    _get_lc_numeric                           - Undefined Weak Reference
    _get_lc_time                              - Undefined Weak Reference
    _getenv_init                              - Undefined Weak Reference
    _handle_redirection                       - Undefined Weak Reference
    _init_alloc                               - Undefined Weak Reference
    _init_user_alloc                          - Undefined Weak Reference
    _initio                                   - Undefined Weak Reference
    _printf_truncate_signed                   - Undefined Weak Reference
    _printf_truncate_unsigned                 - Undefined Weak Reference
    _rand_init                                - Undefined Weak Reference
    _scanf_longlong                           - Undefined Weak Reference
    _scanf_mbtowc                             - Undefined Weak Reference
    _scanf_real                               - Undefined Weak Reference
    _scanf_string                             - Undefined Weak Reference
    _scanf_wctomb                             - Undefined Weak Reference
    _scanf_wstring                            - Undefined Weak Reference
    _signal_finish                            - Undefined Weak Reference
    _signal_init                              - Undefined Weak Reference
    _terminate_alloc                          - Undefined Weak Reference
    _terminate_user_alloc                     - Undefined Weak Reference
    _terminateio                              - Undefined Weak Reference
    __Vectors_Size                           0x00000130   Number         0  startup_stm32f10x_hd.o ABSOLUTE
    __Vectors                                0x08000000   Data           4  startup_stm32f10x_hd.o(RESET)
    __Vectors_End                            0x08000130   Data           0  startup_stm32f10x_hd.o(RESET)
    __main                                   0x08000131   Thumb Code     8  __main.o(!!!main)
    __scatterload                            0x08000139   Thumb Code     0  __scatter.o(!!!scatter)
    __scatterload_rt2                        0x08000139   Thumb Code    44  __scatter.o(!!!scatter)
    __scatterload_rt2_thumb_only             0x08000139   Thumb Code     0  __scatter.o(!!!scatter)
    __scatterload_null                       0x08000147   Thumb Code     0  __scatter.o(!!!scatter)
    __scatterload_copy                       0x0800016d   Thumb Code    26  __scatter_copy.o(!!handler_copy)
    __scatterload_zeroinit                   0x08000189   Thumb Code    28  __scatter_zi.o(!!handler_zi)
    _printf_d                                0x080001a5   Thumb Code     0  _printf_d.o(.ARM.Collect$$_printf_percent$$00000009)
    _printf_percent                          0x080001a5   Thumb Code     0  _printf_percent.o(.ARM.Collect$$_printf_percent$$00000000)
    _printf_u                                0x080001ab   Thumb Code     0  _printf_u.o(.ARM.Collect$$_printf_percent$$0000000A)
    _printf_percent_end                      0x080001b1   Thumb Code     0  _printf_percent_end.o(.ARM.Collect$$_printf_percent$$00000017)
    __rt_lib_init                            0x080001b5   Thumb Code     0  libinit.o(.ARM.Collect$$libinit$$00000000)
    __rt_lib_init_heap_1                     0x080001bb   Thumb Code     0  libinit2.o(.ARM.Collect$$libinit$$00000006)
    __rt_lib_init_lc_common                  0x080001bb   Thumb Code     0  libinit2.o(.ARM.Collect$$libinit$$0000000B)
    __rt_lib_init_rand_1                     0x080001bb   Thumb Code     0  libinit2.o(.ARM.Collect$$libinit$$0000000A)
    __rt_lib_init_user_alloc_1               0x080001bb   Thumb Code     0  libinit2.o(.ARM.Collect$$libinit$$00000008)
    __rt_lib_init_lc_collate_1               0x080001c1   Thumb Code     0  libinit2.o(.ARM.Collect$$libinit$$0000000D)
    __rt_lib_init_lc_ctype_2                 0x080001c1   Thumb Code     0  libinit2.o(.ARM.Collect$$libinit$$0000000E)
    __rt_lib_init_alloca_1                   0x080001cd   Thumb Code     0  libinit2.o(.ARM.Collect$$libinit$$0000002A)
    __rt_lib_init_argv_1                     0x080001cd   Thumb Code     0  libinit2.o(.ARM.Collect$$libinit$$00000028)
    __rt_lib_init_atexit_1                   0x080001cd   Thumb Code     0  libinit2.o(.ARM.Collect$$libinit$$00000017)
    __rt_lib_init_clock_1                    0x080001cd   Thumb Code     0  libinit2.o(.ARM.Collect$$libinit$$0000001D)
    __rt_lib_init_cpp_1                      0x080001cd   Thumb Code     0  libinit2.o(.ARM.Collect$$libinit$$0000002E)
    __rt_lib_init_exceptions_1               0x080001cd   Thumb Code     0  libinit2.o(.ARM.Collect$$libinit$$0000002C)
    __rt_lib_init_fp_trap_1                  0x080001cd   Thumb Code     0  libinit2.o(.ARM.Collect$$libinit$$0000001B)
    __rt_lib_init_getenv_1                   0x080001cd   Thumb Code     0  libinit2.o(.ARM.Collect$$libinit$$0000001F)
    __rt_lib_init_lc_ctype_1                 0x080001cd   Thumb Code     0  libinit2.o(.ARM.Collect$$libinit$$0000000F)
    __rt_lib_init_lc_monetary_1              0x080001cd   Thumb Code     0  libinit2.o(.ARM.Collect$$libinit$$00000011)
    __rt_lib_init_lc_numeric_1               0x080001cd   Thumb Code     0  libinit2.o(.ARM.Collect$$libinit$$00000013)
    __rt_lib_init_lc_time_1                  0x080001cd   Thumb Code     0  libinit2.o(.ARM.Collect$$libinit$$00000015)
    __rt_lib_init_return                     0x080001cd   Thumb Code     0  libinit2.o(.ARM.Collect$$libinit$$0000002F)
    __rt_lib_init_signal_1                   0x080001cd   Thumb Code     0  libinit2.o(.ARM.Collect$$libinit$$00000019)
    __rt_lib_init_stdio_1                    0x080001cd   Thumb Code     0  libinit2.o(.ARM.Collect$$libinit$$00000021)
    __rt_lib_shutdown                        0x080001cf   Thumb Code     0  libshutdown.o(.ARM.Collect$$libshutdown$$00000000)
    __rt_lib_shutdown_fp_trap_1              0x080001d1   Thumb Code     0  libshutdown2.o(.ARM.Collect$$libshutdown$$00000006)
    __rt_lib_shutdown_heap_1                 0x080001d1   Thumb Code     0  libshutdown2.o(.ARM.Collect$$libshutdown$$0000000E)
    __rt_lib_shutdown_return                 0x080001d1   Thumb Code     0  libshutdown2.o(.ARM.Collect$$libshutdown$$0000000F)
    __rt_lib_shutdown_signal_1               0x080001d1   Thumb Code     0  libshutdown2.o(.ARM.Collect$$libshutdown$$00000009)
    __rt_lib_shutdown_stdio_1                0x080001d1   Thumb Code     0  libshutdown2.o(.ARM.Collect$$libshutdown$$00000003)
    __rt_lib_shutdown_user_alloc_1           0x080001d1   Thumb Code     0  libshutdown2.o(.ARM.Collect$$libshutdown$$0000000B)
    __rt_entry                               0x080001d3   Thumb Code     0  rtentry.o(.ARM.Collect$$rtentry$$00000000)
    __rt_entry_presh_1                       0x080001d3   Thumb Code     0  rtentry2.o(.ARM.Collect$$rtentry$$00000002)
    __rt_entry_sh                            0x080001d3   Thumb Code     0  rtentry4.o(.ARM.Collect$$rtentry$$00000004)
    __rt_entry_li                            0x080001d9   Thumb Code     0  rtentry2.o(.ARM.Collect$$rtentry$$0000000A)
    __rt_entry_postsh_1                      0x080001d9   Thumb Code     0  rtentry2.o(.ARM.Collect$$rtentry$$00000009)
    __rt_entry_main                          0x080001dd   Thumb Code     0  rtentry2.o(.ARM.Collect$$rtentry$$0000000D)
    __rt_entry_postli_1                      0x080001dd   Thumb Code     0  rtentry2.o(.ARM.Collect$$rtentry$$0000000C)
    __rt_exit                                0x080001e5   Thumb Code     0  rtexit.o(.ARM.Collect$$rtexit$$00000000)
    __rt_exit_ls                             0x080001e7   Thumb Code     0  rtexit2.o(.ARM.Collect$$rtexit$$00000003)
    __rt_exit_prels_1                        0x080001e7   Thumb Code     0  rtexit2.o(.ARM.Collect$$rtexit$$00000002)
    __rt_exit_exit                           0x080001eb   Thumb Code     0  rtexit2.o(.ARM.Collect$$rtexit$$00000004)
    get_real_time                            0x080001f1   Thumb Code    56  main.o(.text)
    draw_xy                                  0x08000229   Thumb Code   130  main.o(.text)
    change_minute                            0x080002ab   Thumb Code    40  main.o(.text)
    change_hour                              0x080002d3   Thumb Code    40  main.o(.text)
    draw_alarm_time                          0x080002fb   Thumb Code    56  main.o(.text)
    check_time                               0x08000333   Thumb Code    40  main.o(.text)
    main                                     0x0800035b   Thumb Code  1132  main.o(.text)
    SystemInit                               0x080007e9   Thumb Code     2  systeminit.o(.text)
    Reset_Handler                            0x080007ed   Thumb Code     8  startup_stm32f10x_hd.o(.text)
    NMI_Handler                              0x080007f5   Thumb Code     2  startup_stm32f10x_hd.o(.text)
    HardFault_Handler                        0x080007f7   Thumb Code     2  startup_stm32f10x_hd.o(.text)
    MemManage_Handler                        0x080007f9   Thumb Code     2  startup_stm32f10x_hd.o(.text)
    BusFault_Handler                         0x080007fb   Thumb Code     2  startup_stm32f10x_hd.o(.text)
    UsageFault_Handler                       0x080007fd   Thumb Code     2  startup_stm32f10x_hd.o(.text)
    SVC_Handler                              0x080007ff   Thumb Code     2  startup_stm32f10x_hd.o(.text)
    DebugMon_Handler                         0x08000801   Thumb Code     2  startup_stm32f10x_hd.o(.text)
    PendSV_Handler                           0x08000803   Thumb Code     2  startup_stm32f10x_hd.o(.text)
    SysTick_Handler                          0x08000805   Thumb Code     2  startup_stm32f10x_hd.o(.text)
    ADC1_2_IRQHandler                        0x08000807   Thumb Code     0  startup_stm32f10x_hd.o(.text)
    ADC3_IRQHandler                          0x08000807   Thumb Code     0  startup_stm32f10x_hd.o(.text)
    CAN1_RX1_IRQHandler                      0x08000807   Thumb Code     0  startup_stm32f10x_hd.o(.text)
    CAN1_SCE_IRQHandler                      0x08000807   Thumb Code     0  startup_stm32f10x_hd.o(.text)
    DMA1_Channel1_IRQHandler                 0x08000807   Thumb Code     0  startup_stm32f10x_hd.o(.text)
    DMA1_Channel2_IRQHandler                 0x08000807   Thumb Code     0  startup_stm32f10x_hd.o(.text)
    DMA1_Channel3_IRQHandler                 0x08000807   Thumb Code     0  startup_stm32f10x_hd.o(.text)
    DMA1_Channel4_IRQHandler                 0x08000807   Thumb Code     0  startup_stm32f10x_hd.o(.text)
    DMA1_Channel5_IRQHandler                 0x08000807   Thumb Code     0  startup_stm32f10x_hd.o(.text)
    DMA1_Channel6_IRQHandler                 0x08000807   Thumb Code     0  startup_stm32f10x_hd.o(.text)
    DMA1_Channel7_IRQHandler                 0x08000807   Thumb Code     0  startup_stm32f10x_hd.o(.text)
    DMA2_Channel1_IRQHandler                 0x08000807   Thumb Code     0  startup_stm32f10x_hd.o(.text)
    DMA2_Channel2_IRQHandler                 0x08000807   Thumb Code     0  startup_stm32f10x_hd.o(.text)
    DMA2_Channel3_IRQHandler                 0x08000807   Thumb Code     0  startup_stm32f10x_hd.o(.text)
    DMA2_Channel4_5_IRQHandler               0x08000807   Thumb Code     0  startup_stm32f10x_hd.o(.text)
    EXTI0_IRQHandler                         0x08000807   Thumb Code     0  startup_stm32f10x_hd.o(.text)
    EXTI15_10_IRQHandler                     0x08000807   Thumb Code     0  startup_stm32f10x_hd.o(.text)
    EXTI1_IRQHandler                         0x08000807   Thumb Code     0  startup_stm32f10x_hd.o(.text)
    EXTI2_IRQHandler                         0x08000807   Thumb Code     0  startup_stm32f10x_hd.o(.text)
    EXTI3_IRQHandler                         0x08000807   Thumb Code     0  startup_stm32f10x_hd.o(.text)
    EXTI4_IRQHandler                         0x08000807   Thumb Code     0  startup_stm32f10x_hd.o(.text)
    EXTI9_5_IRQHandler                       0x08000807   Thumb Code     0  startup_stm32f10x_hd.o(.text)
    FLASH_IRQHandler                         0x08000807   Thumb Code     0  startup_stm32f10x_hd.o(.text)
    FSMC_IRQHandler                          0x08000807   Thumb Code     0  startup_stm32f10x_hd.o(.text)
    I2C1_ER_IRQHandler                       0x08000807   Thumb Code     0  startup_stm32f10x_hd.o(.text)
    I2C1_EV_IRQHandler                       0x08000807   Thumb Code     0  startup_stm32f10x_hd.o(.text)
    I2C2_ER_IRQHandler                       0x08000807   Thumb Code     0  startup_stm32f10x_hd.o(.text)
    I2C2_EV_IRQHandler                       0x08000807   Thumb Code     0  startup_stm32f10x_hd.o(.text)
    PVD_IRQHandler                           0x08000807   Thumb Code     0  startup_stm32f10x_hd.o(.text)
    RCC_IRQHandler                           0x08000807   Thumb Code     0  startup_stm32f10x_hd.o(.text)
    RTCAlarm_IRQHandler                      0x08000807   Thumb Code     0  startup_stm32f10x_hd.o(.text)
    RTC_IRQHandler                           0x08000807   Thumb Code     0  startup_stm32f10x_hd.o(.text)
    SDIO_IRQHandler                          0x08000807   Thumb Code     0  startup_stm32f10x_hd.o(.text)
    SPI1_IRQHandler                          0x08000807   Thumb Code     0  startup_stm32f10x_hd.o(.text)
    SPI2_IRQHandler                          0x08000807   Thumb Code     0  startup_stm32f10x_hd.o(.text)
    SPI3_IRQHandler                          0x08000807   Thumb Code     0  startup_stm32f10x_hd.o(.text)
    TAMPER_IRQHandler                        0x08000807   Thumb Code     0  startup_stm32f10x_hd.o(.text)
    TIM1_BRK_IRQHandler                      0x08000807   Thumb Code     0  startup_stm32f10x_hd.o(.text)
    TIM1_CC_IRQHandler                       0x08000807   Thumb Code     0  startup_stm32f10x_hd.o(.text)
    TIM1_TRG_COM_IRQHandler                  0x08000807   Thumb Code     0  startup_stm32f10x_hd.o(.text)
    TIM1_UP_IRQHandler                       0x08000807   Thumb Code     0  startup_stm32f10x_hd.o(.text)
    TIM2_IRQHandler                          0x08000807   Thumb Code     0  startup_stm32f10x_hd.o(.text)
    TIM3_IRQHandler                          0x08000807   Thumb Code     0  startup_stm32f10x_hd.o(.text)
    TIM4_IRQHandler                          0x08000807   Thumb Code     0  startup_stm32f10x_hd.o(.text)
    TIM5_IRQHandler                          0x08000807   Thumb Code     0  startup_stm32f10x_hd.o(.text)
    TIM6_IRQHandler                          0x08000807   Thumb Code     0  startup_stm32f10x_hd.o(.text)
    TIM7_IRQHandler                          0x08000807   Thumb Code     0  startup_stm32f10x_hd.o(.text)
    TIM8_BRK_IRQHandler                      0x08000807   Thumb Code     0  startup_stm32f10x_hd.o(.text)
    TIM8_CC_IRQHandler                       0x08000807   Thumb Code     0  startup_stm32f10x_hd.o(.text)
    TIM8_TRG_COM_IRQHandler                  0x08000807   Thumb Code     0  startup_stm32f10x_hd.o(.text)
    TIM8_UP_IRQHandler                       0x08000807   Thumb Code     0  startup_stm32f10x_hd.o(.text)
    UART4_IRQHandler                         0x08000807   Thumb Code     0  startup_stm32f10x_hd.o(.text)
    UART5_IRQHandler                         0x08000807   Thumb Code     0  startup_stm32f10x_hd.o(.text)
    USART1_IRQHandler                        0x08000807   Thumb Code     0  startup_stm32f10x_hd.o(.text)
    USART2_IRQHandler                        0x08000807   Thumb Code     0  startup_stm32f10x_hd.o(.text)
    USART3_IRQHandler                        0x08000807   Thumb Code     0  startup_stm32f10x_hd.o(.text)
    USBWakeUp_IRQHandler                     0x08000807   Thumb Code     0  startup_stm32f10x_hd.o(.text)
    USB_HP_CAN1_TX_IRQHandler                0x08000807   Thumb Code     0  startup_stm32f10x_hd.o(.text)
    USB_LP_CAN1_RX0_IRQHandler               0x08000807   Thumb Code     0  startup_stm32f10x_hd.o(.text)
    WWDG_IRQHandler                          0x08000807   Thumb Code     0  startup_stm32f10x_hd.o(.text)
    __user_initial_stackheap                 0x08000809   Thumb Code     0  startup_stm32f10x_hd.o(.text)
    rtc_set_time                             0x0800082d   Thumb Code    64  rtc.o(.text)
    rtc_init                                 0x0800086d   Thumb Code   244  rtc.o(.text)
    epoch_to_strings                         0x08000961   Thumb Code   238  rtc.o(.text)
    spi_init                                 0x08000a89   Thumb Code   218  touch.o(.text)
    touch_read                               0x08000b63   Thumb Code    80  touch.o(.text)
    touch_read_xy                            0x08000bb3   Thumb Code    42  touch.o(.text)
    map_pixel                                0x08000bdd   Thumb Code    42  touch.o(.text)
    touch_rect                               0x08000c07   Thumb Code    32  touch.o(.text)
    detect_plus_minus                        0x08000c27   Thumb Code    80  touch.o(.text)
    draw_home                                0x08000c91   Thumb Code   138  draw.o(.text)
    draw_arrow                               0x08000d1b   Thumb Code    84  draw.o(.text)
    draw_plus_minus                          0x08000d6f   Thumb Code   110  draw.o(.text)
    draw_alarms                              0x08000ddd   Thumb Code   176  draw.o(.text)
    draw_songs                               0x08000e8d   Thumb Code    66  draw.o(.text)
    draw_lights                              0x08000ecf   Thumb Code   204  draw.o(.text)
    draw_coffee_state                        0x08000f9b   Thumb Code    62  draw.o(.text)
    draw_real_time                           0x08000fd9   Thumb Code    48  draw.o(.text)
    rgb_init                                 0x08001099   Thumb Code   152  lights.o(.text)
    led_init                                 0x08001131   Thumb Code   176  lights.o(.text)
    delay_init                               0x080011e1   Thumb Code    48  lights.o(.text)
    rgb_off                                  0x08001211   Thumb Code    36  lights.o(.text)
    rgb_set_0                                0x08001235   Thumb Code   104  lights.o(.text)
    rgb_set_1                                0x0800129d   Thumb Code    98  lights.o(.text)
    rgb_set_colour                           0x080012ff   Thumb Code    24  lights.o(.text)
    rgb                                      0x08001317   Thumb Code    26  lights.o(.text)
    rgb_cycle                                0x08001331   Thumb Code    38  lights.o(.text)
    lcd_fillRect                             0x08001369   Thumb Code   124  lcd_grph.o(.text)
    lcd_fillScreen                           0x080013e5   Thumb Code    22  lcd_grph.o(.text)
    lcd_point                                0x080013fb   Thumb Code    24  lcd_grph.o(.text)
    lcd_drawRect                             0x08001413   Thumb Code    74  lcd_grph.o(.text)
    lcd_line                                 0x0800145d   Thumb Code   296  lcd_grph.o(.text)
    lcd_circle                               0x08001585   Thumb Code   576  lcd_grph.o(.text)
    lcd_fillcircle                           0x080017c5   Thumb Code   886  lcd_grph.o(.text)
    lcd_putChar                              0x08001b3b   Thumb Code   146  lcd_grph.o(.text)
    lcd_putChar_15x21                        0x08001bcd   Thumb Code   184  lcd_grph.o(.text)
    lcd_putString                            0x08001c85   Thumb Code    42  lcd_grph.o(.text)
    lcd_putString_15x21                      0x08001caf   Thumb Code    44  lcd_grph.o(.text)
    lcd_fontColor                            0x08001cdb   Thumb Code    10  lcd_grph.o(.text)
    lcd_picture                              0x08001ce5   Thumb Code   134  lcd_grph.o(.text)
    lcd_picture_scaled                       0x08001d6b   Thumb Code   196  lcd_grph.o(.text)
    HSVtoRGB                                 0x08001e2f   Thumb Code   222  lcd_grph.o(.text)
    HSVto16BIT                               0x08001f0d   Thumb Code    56  lcd_grph.o(.text)
    LCD_timer_init                           0x08001f55   Thumb Code    56  lcd_hw.o(.text)
    FSMC_init                                0x08001f8d   Thumb Code   142  lcd_hw.o(.text)
    lcd_init                                 0x0800201b   Thumb Code    80  lcd_hw.o(.text)
    LCD_mdelay                               0x0800206b   Thumb Code    54  lcd_hw.o(.text)
    LCD_Delay                                0x080020a1   Thumb Code    12  lcd_hw.o(.text)
    LCD_IO_Init                              0x080020ad   Thumb Code    34  lcd_hw.o(.text)
    LCD_IO_ReadData                          0x080020cf   Thumb Code    18  lcd_hw.o(.text)
    LCD_IO_WriteData                         0x080020e1   Thumb Code     6  lcd_hw.o(.text)
    LCD_IO_WriteReg                          0x080020e7   Thumb Code     8  lcd_hw.o(.text)
    ili9341_WriteReg                         0x08002121   Thumb Code    12  lcd_ili9341.o(.text)
    ili9341_WriteData                        0x0800212d   Thumb Code    12  lcd_ili9341.o(.text)
    ili9341_Init                             0x08002139   Thumb Code   632  lcd_ili9341.o(.text)
    ili9341_ReadData                         0x080023b1   Thumb Code    16  lcd_ili9341.o(.text)
    ili9341_ReadID                           0x080023c1   Thumb Code    18  lcd_ili9341.o(.text)
    ili9341_DisplayOn                        0x080023d3   Thumb Code    10  lcd_ili9341.o(.text)
    ili9341_DisplayOff                       0x080023dd   Thumb Code    10  lcd_ili9341.o(.text)
    ili9341_GetLcdPixelWidth                 0x080023e7   Thumb Code     4  lcd_ili9341.o(.text)
    ili9341_GetLcdPixelHeight                0x080023eb   Thumb Code     6  lcd_ili9341.o(.text)
    __2sprintf                               0x080023f1   Thumb Code    34  noretval__2sprintf.o(.text)
    __2snprintf                              0x08002419   Thumb Code    48  noretval__2snprintf.o(.text)
    _printf_pre_padding                      0x0800244d   Thumb Code    46  _printf_pad.o(.text)
    _printf_post_padding                     0x0800247b   Thumb Code    36  _printf_pad.o(.text)
    _printf_int_dec                          0x080024a1   Thumb Code   102  _printf_dec.o(.text)
    __printf                                 0x08002519   Thumb Code   310  __printf_flags_wp.o(.text)
    __0sscanf                                0x08002655   Thumb Code    52  __0sscanf.o(.text)
    _scanf_int                               0x08002691   Thumb Code   336  _scanf_int.o(.text)
    strcmp                                   0x080027e1   Thumb Code   128  strcmpv7m.o(.text)
    __use_two_region_memory                  0x08002861   Thumb Code     2  heapauxi.o(.text)
    __rt_heap_escrow$2region                 0x08002863   Thumb Code     2  heapauxi.o(.text)
    __rt_heap_expand$2region                 0x08002865   Thumb Code     2  heapauxi.o(.text)
    _printf_int_common                       0x08002867   Thumb Code   184  _printf_intcommon.o(.text)
    _printf_char_common                      0x0800292b   Thumb Code    32  _printf_char_common.o(.text)
    _sputc                                   0x08002951   Thumb Code    10  _sputc.o(.text)
    _snputc                                  0x0800295b   Thumb Code    16  _snputc.o(.text)
    _chval                                   0x0800296b   Thumb Code    28  _chval.o(.text)
    __vfscanf_char                           0x08002995   Thumb Code    26  scanf_char.o(.text)
    _sgetc                                   0x080029b9   Thumb Code    30  _sgetc.o(.text)
    _sbackspace                              0x080029d7   Thumb Code    34  _sgetc.o(.text)
    isspace                                  0x080029f9   Thumb Code    18  isspace.o(.text)
    __vfscanf                                0x08002a0d   Thumb Code   882  _scanf.o(.text)
    __user_setup_stackheap                   0x08002d85   Thumb Code    74  sys_stackheap_outer.o(.text)
    __rt_ctype_table                         0x08002dd1   Thumb Code    16  rt_ctype_table.o(.text)
    exit                                     0x08002de1   Thumb Code    12  exit.o(.text)
    __user_libspace                          0x08002ded   Thumb Code     8  libspace.o(.text)
    __user_perproc_libspace                  0x08002ded   Thumb Code     0  libspace.o(.text)
    __user_perthread_libspace                0x08002ded   Thumb Code     0  libspace.o(.text)
    __rt_locale                              0x08002df5   Thumb Code     8  rt_locale_intlibspace.o(.text)
    __rt_fp_status_addr                      0x08002dfd   Thumb Code     8  rt_fp_status_addr_intlibspace.o(.text)
    _sys_exit                                0x08002e05   Thumb Code     8  sys_exit.o(.text)
    __I$use$semihosting                      0x08002e11   Thumb Code     0  use_no_semi.o(.text)
    __use_no_semihosting_swi                 0x08002e11   Thumb Code     2  use_no_semi.o(.text)
    __semihosting_library_function           0x08002e13   Thumb Code     0  indicate_semi.o(.text)
    _is_digit                                0x08002e13   Thumb Code    14  __printf_wp.o(i._is_digit)
    _get_lc_ctype                            0x08002e21   Thumb Code    44  lc_ctype_c.o(locale$$code)
    _fp_init                                 0x08002e4d   Thumb Code    14  fpinit.o(x$fpl$fpinit)
    __fplib_config_pureend_doubles           0x08002e59   Thumb Code     0  fpinit.o(x$fpl$fpinit)
    font5x7                                  0x08002e5a   Data         768  font5x7.o(.constdata)
    Region$$Table$$Base                      0x08003174   Number         0  anon$$obj.o(Region$$Table)
    Region$$Table$$Limit                     0x08003194   Number         0  anon$$obj.o(Region$$Table)
    __ctype                                  0x080031a1   Data           0  lc_ctype_c.o(locale$$data)
    __libspace_start                         0x20000004   Data          96  libspace.o(.bss)
    __temporary_stack_top$libspace           0x20000064   Data           0  libspace.o(.bss)



==============================================================================

Memory Map of the image

  Image Entry point : 0x080007ed

  Load Region LR_1 (Base: 0x08000000, Size: 0x000032a8, Max: 0xffffffff, ABSOLUTE)

    Execution Region ER_RO (Base: 0x08000000, Size: 0x000032a4, Max: 0xffffffff, ABSOLUTE)

    Base Addr    Size         Type   Attr      Idx    E Section Name        Object

    0x08000000   0x00000130   Data   RO           99    RESET               startup_stm32f10x_hd.o
    0x08000130   0x00000008   Code   RO          367  * !!!main             c_w.l(__main.o)
    0x08000138   0x00000034   Code   RO          555    !!!scatter          c_w.l(__scatter.o)
    0x0800016c   0x0000001a   Code   RO          557    !!handler_copy      c_w.l(__scatter_copy.o)
    0x08000186   0x00000002   PAD
    0x08000188   0x0000001c   Code   RO          559    !!handler_zi        c_w.l(__scatter_zi.o)
    0x080001a4   0x00000000   Code   RO          358    .ARM.Collect$$_printf_percent$$00000000  c_w.l(_printf_percent.o)
    0x080001a4   0x00000006   Code   RO          356    .ARM.Collect$$_printf_percent$$00000009  c_w.l(_printf_d.o)
    0x080001aa   0x00000006   Code   RO          357    .ARM.Collect$$_printf_percent$$0000000A  c_w.l(_printf_u.o)
    0x080001b0   0x00000004   Code   RO          378    .ARM.Collect$$_printf_percent$$00000017  c_w.l(_printf_percent_end.o)
    0x080001b4   0x00000006   Code   RO          417    .ARM.Collect$$libinit$$00000000  c_w.l(libinit.o)
    0x080001ba   0x00000000   Code   RO          433    .ARM.Collect$$libinit$$00000006  c_w.l(libinit2.o)
    0x080001ba   0x00000000   Code   RO          435    .ARM.Collect$$libinit$$00000008  c_w.l(libinit2.o)
    0x080001ba   0x00000000   Code   RO          437    .ARM.Collect$$libinit$$0000000A  c_w.l(libinit2.o)
    0x080001ba   0x00000006   Code   RO          438    .ARM.Collect$$libinit$$0000000B  c_w.l(libinit2.o)
    0x080001c0   0x00000000   Code   RO          440    .ARM.Collect$$libinit$$0000000D  c_w.l(libinit2.o)
    0x080001c0   0x0000000c   Code   RO          441    .ARM.Collect$$libinit$$0000000E  c_w.l(libinit2.o)
    0x080001cc   0x00000000   Code   RO          442    .ARM.Collect$$libinit$$0000000F  c_w.l(libinit2.o)
    0x080001cc   0x00000000   Code   RO          444    .ARM.Collect$$libinit$$00000011  c_w.l(libinit2.o)
    0x080001cc   0x00000000   Code   RO          446    .ARM.Collect$$libinit$$00000013  c_w.l(libinit2.o)
    0x080001cc   0x00000000   Code   RO          448    .ARM.Collect$$libinit$$00000015  c_w.l(libinit2.o)
    0x080001cc   0x00000000   Code   RO          450    .ARM.Collect$$libinit$$00000017  c_w.l(libinit2.o)
    0x080001cc   0x00000000   Code   RO          452    .ARM.Collect$$libinit$$00000019  c_w.l(libinit2.o)
    0x080001cc   0x00000000   Code   RO          454    .ARM.Collect$$libinit$$0000001B  c_w.l(libinit2.o)
    0x080001cc   0x00000000   Code   RO          456    .ARM.Collect$$libinit$$0000001D  c_w.l(libinit2.o)
    0x080001cc   0x00000000   Code   RO          458    .ARM.Collect$$libinit$$0000001F  c_w.l(libinit2.o)
    0x080001cc   0x00000000   Code   RO          460    .ARM.Collect$$libinit$$00000021  c_w.l(libinit2.o)
    0x080001cc   0x00000000   Code   RO          464    .ARM.Collect$$libinit$$00000028  c_w.l(libinit2.o)
    0x080001cc   0x00000000   Code   RO          466    .ARM.Collect$$libinit$$0000002A  c_w.l(libinit2.o)
    0x080001cc   0x00000000   Code   RO          468    .ARM.Collect$$libinit$$0000002C  c_w.l(libinit2.o)
    0x080001cc   0x00000000   Code   RO          470    .ARM.Collect$$libinit$$0000002E  c_w.l(libinit2.o)
    0x080001cc   0x00000002   Code   RO          471    .ARM.Collect$$libinit$$0000002F  c_w.l(libinit2.o)
    0x080001ce   0x00000002   Code   RO          496    .ARM.Collect$$libshutdown$$00000000  c_w.l(libshutdown.o)
    0x080001d0   0x00000000   Code   RO          510    .ARM.Collect$$libshutdown$$00000003  c_w.l(libshutdown2.o)
    0x080001d0   0x00000000   Code   RO          513    .ARM.Collect$$libshutdown$$00000006  c_w.l(libshutdown2.o)
    0x080001d0   0x00000000   Code   RO          516    .ARM.Collect$$libshutdown$$00000009  c_w.l(libshutdown2.o)
    0x080001d0   0x00000000   Code   RO          518    .ARM.Collect$$libshutdown$$0000000B  c_w.l(libshutdown2.o)
    0x080001d0   0x00000000   Code   RO          521    .ARM.Collect$$libshutdown$$0000000E  c_w.l(libshutdown2.o)
    0x080001d0   0x00000002   Code   RO          522    .ARM.Collect$$libshutdown$$0000000F  c_w.l(libshutdown2.o)
    0x080001d2   0x00000000   Code   RO          369    .ARM.Collect$$rtentry$$00000000  c_w.l(rtentry.o)
    0x080001d2   0x00000000   Code   RO          386    .ARM.Collect$$rtentry$$00000002  c_w.l(rtentry2.o)
    0x080001d2   0x00000006   Code   RO          398    .ARM.Collect$$rtentry$$00000004  c_w.l(rtentry4.o)
    0x080001d8   0x00000000   Code   RO          388    .ARM.Collect$$rtentry$$00000009  c_w.l(rtentry2.o)
    0x080001d8   0x00000004   Code   RO          389    .ARM.Collect$$rtentry$$0000000A  c_w.l(rtentry2.o)
    0x080001dc   0x00000000   Code   RO          391    .ARM.Collect$$rtentry$$0000000C  c_w.l(rtentry2.o)
    0x080001dc   0x00000008   Code   RO          392    .ARM.Collect$$rtentry$$0000000D  c_w.l(rtentry2.o)
    0x080001e4   0x00000002   Code   RO          421    .ARM.Collect$$rtexit$$00000000  c_w.l(rtexit.o)
    0x080001e6   0x00000000   Code   RO          475    .ARM.Collect$$rtexit$$00000002  c_w.l(rtexit2.o)
    0x080001e6   0x00000004   Code   RO          476    .ARM.Collect$$rtexit$$00000003  c_w.l(rtexit2.o)
    0x080001ea   0x00000006   Code   RO          477    .ARM.Collect$$rtexit$$00000004  c_w.l(rtexit2.o)
    0x080001f0   0x000005f8   Code   RO            3    .text               main.o
    0x080007e8   0x00000002   Code   RO           79    .text               systeminit.o
    0x080007ea   0x00000002   PAD
    0x080007ec   0x00000040   Code   RO          100  * .text               startup_stm32f10x_hd.o
    0x0800082c   0x0000025c   Code   RO          106    .text               rtc.o
    0x08000a88   0x00000208   Code   RO          152    .text               touch.o
    0x08000c90   0x00000408   Code   RO          172    .text               draw.o
    0x08001098   0x000002d0   Code   RO          202    .text               lights.o
    0x08001368   0x00000bec   Code   RO          232    .text               lcd_grph.o
    0x08001f54   0x000001cc   Code   RO          259    .text               lcd_hw.o
    0x08002120   0x000002d0   Code   RO          302    .text               lcd_ili9341.o
    0x080023f0   0x00000028   Code   RO          326    .text               c_w.l(noretval__2sprintf.o)
    0x08002418   0x00000034   Code   RO          328    .text               c_w.l(noretval__2snprintf.o)
    0x0800244c   0x00000052   Code   RO          332    .text               c_w.l(_printf_pad.o)
    0x0800249e   0x00000002   PAD
    0x080024a0   0x00000078   Code   RO          334    .text               c_w.l(_printf_dec.o)
    0x08002518   0x0000013c   Code   RO          348    .text               c_w.l(__printf_flags_wp.o)
    0x08002654   0x0000003c   Code   RO          359    .text               c_w.l(__0sscanf.o)
    0x08002690   0x00000150   Code   RO          361    .text               c_w.l(_scanf_int.o)
    0x080027e0   0x00000080   Code   RO          363    .text               c_w.l(strcmpv7m.o)
    0x08002860   0x00000006   Code   RO          365    .text               c_w.l(heapauxi.o)
    0x08002866   0x000000b8   Code   RO          370    .text               c_w.l(_printf_intcommon.o)
    0x0800291e   0x00000002   PAD
    0x08002920   0x00000030   Code   RO          372    .text               c_w.l(_printf_char_common.o)
    0x08002950   0x0000000a   Code   RO          374    .text               c_w.l(_sputc.o)
    0x0800295a   0x00000010   Code   RO          376    .text               c_w.l(_snputc.o)
    0x0800296a   0x0000001c   Code   RO          379    .text               c_w.l(_chval.o)
    0x08002986   0x00000002   PAD
    0x08002988   0x00000030   Code   RO          381    .text               c_w.l(scanf_char.o)
    0x080029b8   0x00000040   Code   RO          383    .text               c_w.l(_sgetc.o)
    0x080029f8   0x00000012   Code   RO          400    .text               c_w.l(isspace.o)
    0x08002a0a   0x00000002   PAD
    0x08002a0c   0x00000378   Code   RO          404    .text               c_w.l(_scanf.o)
    0x08002d84   0x0000004a   Code   RO          406    .text               c_w.l(sys_stackheap_outer.o)
    0x08002dce   0x00000002   PAD
    0x08002dd0   0x00000010   Code   RO          408    .text               c_w.l(rt_ctype_table.o)
    0x08002de0   0x0000000c   Code   RO          410    .text               c_w.l(exit.o)
    0x08002dec   0x00000008   Code   RO          418    .text               c_w.l(libspace.o)
    0x08002df4   0x00000008   Code   RO          426    .text               c_w.l(rt_locale_intlibspace.o)
    0x08002dfc   0x00000008   Code   RO          484    .text               c_w.l(rt_fp_status_addr_intlibspace.o)
    0x08002e04   0x0000000c   Code   RO          488    .text               c_w.l(sys_exit.o)
    0x08002e10   0x00000002   Code   RO          499    .text               c_w.l(use_no_semi.o)
    0x08002e12   0x00000000   Code   RO          501    .text               c_w.l(indicate_semi.o)
    0x08002e12   0x0000000e   Code   RO          346    i._is_digit         c_w.l(__printf_wp.o)
    0x08002e20   0x0000002c   Code   RO          429    locale$$code        c_w.l(lc_ctype_c.o)
    0x08002e4c   0x0000000e   Code   RO          472    x$fpl$fpinit        fz_ws.l(fpinit.o)
    0x08002e5a   0x00000300   Data   RO          220    .constdata          font5x7.o
    0x0800315a   0x00000008   Data   RO          233    .constdata          lcd_grph.o
    0x08003162   0x00000011   Data   RO          349    .constdata          c_w.l(__printf_flags_wp.o)
    0x08003173   0x00000001   PAD
    0x08003174   0x00000020   Data   RO          553    Region$$Table       anon$$obj.o
    0x08003194   0x00000110   Data   RO          428    locale$$data        c_w.l(lc_ctype_c.o)


    Execution Region ER_RW (Base: 0x20000000, Size: 0x00000004, Max: 0xffffffff, ABSOLUTE)

    Base Addr    Size         Type   Attr      Idx    E Section Name        Object

    0x20000000   0x00000004   Data   RW          234    .data               lcd_grph.o


    Execution Region ER_ZI (Base: 0x20000004, Size: 0x00000664, Max: 0xffffffff, ABSOLUTE)

    Base Addr    Size         Type   Attr      Idx    E Section Name        Object

    0x20000004   0x00000060   Zero   RW          419    .bss                c_w.l(libspace.o)
    0x20000064   0x00000004   PAD
    0x20000068   0x00000200   Zero   RW           98    HEAP                startup_stm32f10x_hd.o
    0x20000268   0x00000400   Zero   RW           97    STACK               startup_stm32f10x_hd.o


==============================================================================

Image component sizes


      Code (inc. data)   RO Data    RW Data    ZI Data      Debug   Object Name

      1032        144          0          0          0       1703   draw.o
         0          0        768          0          0        386   font5x7.o
      3052         22          8          4          0      10621   lcd_grph.o
       460         50          0          0          0       1722   lcd_hw.o
       720          0          0          0          0       2158   lcd_ili9341.o
       720         18          0          0          0       1868   lights.o
      1528         66          0          0          0       7310   main.o
       604         58          0          0          0       1273   rtc.o
        64         26        304          0       1536        724   startup_stm32f10x_hd.o
         2          0          0          0          0        345   systeminit.o
       520         26          0          0          0       2207   touch.o

    ----------------------------------------------------------------------
      8704        410       1112          4       1536      30317   Object Totals
         0          0         32          0          0          0   (incl. Generated)
         2          0          0          0          0          0   (incl. Padding)

    ----------------------------------------------------------------------

      Code (inc. data)   RO Data    RW Data    ZI Data      Debug   Library Member Name

        60          8          0          0          0         84   __0sscanf.o
         8          0          0          0          0         68   __main.o
       316          6         17          0          0         92   __printf_flags_wp.o
        14          0          0          0          0         68   __printf_wp.o
        52          8          0          0          0          0   __scatter.o
        26          0          0          0          0          0   __scatter_copy.o
        28          0          0          0          0          0   __scatter_zi.o
        28          0          0          0          0         68   _chval.o
        48          6          0          0          0         96   _printf_char_common.o
         6          0          0          0          0          0   _printf_d.o
       120         18          0          0          0         92   _printf_dec.o
       184          0          0          0          0         88   _printf_intcommon.o
        82          0          0          0          0        108   _printf_pad.o
         0          0          0          0          0          0   _printf_percent.o
         4          0          0          0          0          0   _printf_percent_end.o
         6          0          0          0          0          0   _printf_u.o
       888          6          0          0          0        100   _scanf.o
       336          0          0          0          0         96   _scanf_int.o
        64          0          0          0          0         84   _sgetc.o
        16          0          0          0          0         68   _snputc.o
        10          0          0          0          0         68   _sputc.o
        12          0          0          0          0         72   exit.o
         6          0          0          0          0        152   heapauxi.o
         0          0          0          0          0          0   indicate_semi.o
        18          0          0          0          0         76   isspace.o
        44         10        272          0          0         76   lc_ctype_c.o
         6          0          0          0          0          0   libinit.o
        20          0          0          0          0          0   libinit2.o
         2          0          0          0          0          0   libshutdown.o
         2          0          0          0          0          0   libshutdown2.o
         8          4          0          0         96         68   libspace.o
        52          4          0          0          0         84   noretval__2snprintf.o
        40          6          0          0          0         84   noretval__2sprintf.o
        16          4          0          0          0         76   rt_ctype_table.o
         8          4          0          0          0         68   rt_fp_status_addr_intlibspace.o
         8          4          0          0          0         68   rt_locale_intlibspace.o
         0          0          0          0          0          0   rtentry.o
        12          0          0          0          0          0   rtentry2.o
         6          0          0          0          0          0   rtentry4.o
         2          0          0          0          0          0   rtexit.o
        10          0          0          0          0          0   rtexit2.o
        48         10          0          0          0         84   scanf_char.o
       128          0          0          0          0         68   strcmpv7m.o
        12          4          0          0          0         68   sys_exit.o
        74          0          0          0          0         80   sys_stackheap_outer.o
         2          0          0          0          0         68   use_no_semi.o
        14          0          0          0          0         76   fpinit.o

    ----------------------------------------------------------------------
      2858        102        290          0        100       2448   Library Totals
        12          0          1          0          4          0   (incl. Padding)

    ----------------------------------------------------------------------

      Code (inc. data)   RO Data    RW Data    ZI Data      Debug   Library Name

      2832        102        289          0         96       2372   c_w.l
        14          0          0          0          0         76   fz_ws.l

    ----------------------------------------------------------------------
      2858        102        290          0        100       2448   Library Totals

    ----------------------------------------------------------------------

==============================================================================


      Code (inc. data)   RO Data    RW Data    ZI Data      Debug   

     11562        512       1402          4       1636      30529   Grand Totals
     11562        512       1402          4       1636      30529   ELF Image Totals
     11562        512       1402          4          0          0   ROM Totals

==============================================================================

    Total RO  Size (Code + RO Data)                12964 (  12.66kB)
    Total RW  Size (RW Data + ZI Data)              1640 (   1.60kB)
    Total ROM Size (Code + RO Data + RW Data)      12968 (  12.66kB)

==============================================================================

